###############################################################################
#
# IAR ELF Linker V7.50.3.10732/W32 for ARM                21/Nov/2017  00:51:02
# Copyright 2007-2016 IAR Systems AB.
#
#    Output file  =  
#        E:\CMS\STM32_discovery\en.stm32f0discovery_fw\STM32F0-Discovery_FW_V1.0.0\Project\Demonstration\EWARM\STM32F0_Discovery\Exe\STM32F0-Discovery_Demo.out
#    Map file     =  
#        E:\CMS\STM32_discovery\en.stm32f0discovery_fw\STM32F0-Discovery_FW_V1.0.0\Project\Demonstration\EWARM\STM32F0_Discovery\List\STM32F0-Discovery_Demo.map
#    Command line =  
#        E:\CMS\STM32_discovery\en.stm32f0discovery_fw\STM32F0-Discovery_FW_V1.0.0\Project\Demonstration\EWARM\STM32F0_Discovery\Obj\delay.o
#        E:\CMS\STM32_discovery\en.stm32f0discovery_fw\STM32F0-Discovery_FW_V1.0.0\Project\Demonstration\EWARM\STM32F0_Discovery\Obj\i2c.o
#        E:\CMS\STM32_discovery\en.stm32f0discovery_fw\STM32F0-Discovery_FW_V1.0.0\Project\Demonstration\EWARM\STM32F0_Discovery\Obj\main.o
#        E:\CMS\STM32_discovery\en.stm32f0discovery_fw\STM32F0-Discovery_FW_V1.0.0\Project\Demonstration\EWARM\STM32F0_Discovery\Obj\startup_stm32f0xx.o
#        E:\CMS\STM32_discovery\en.stm32f0discovery_fw\STM32F0-Discovery_FW_V1.0.0\Project\Demonstration\EWARM\STM32F0_Discovery\Obj\stm32f0_discovery.o
#        E:\CMS\STM32_discovery\en.stm32f0discovery_fw\STM32F0-Discovery_FW_V1.0.0\Project\Demonstration\EWARM\STM32F0_Discovery\Obj\stm32f0xx_adc.o
#        E:\CMS\STM32_discovery\en.stm32f0discovery_fw\STM32F0-Discovery_FW_V1.0.0\Project\Demonstration\EWARM\STM32F0_Discovery\Obj\stm32f0xx_cec.o
#        E:\CMS\STM32_discovery\en.stm32f0discovery_fw\STM32F0-Discovery_FW_V1.0.0\Project\Demonstration\EWARM\STM32F0_Discovery\Obj\stm32f0xx_comp.o
#        E:\CMS\STM32_discovery\en.stm32f0discovery_fw\STM32F0-Discovery_FW_V1.0.0\Project\Demonstration\EWARM\STM32F0_Discovery\Obj\stm32f0xx_crc.o
#        E:\CMS\STM32_discovery\en.stm32f0discovery_fw\STM32F0-Discovery_FW_V1.0.0\Project\Demonstration\EWARM\STM32F0_Discovery\Obj\stm32f0xx_dac.o
#        E:\CMS\STM32_discovery\en.stm32f0discovery_fw\STM32F0-Discovery_FW_V1.0.0\Project\Demonstration\EWARM\STM32F0_Discovery\Obj\stm32f0xx_dbgmcu.o
#        E:\CMS\STM32_discovery\en.stm32f0discovery_fw\STM32F0-Discovery_FW_V1.0.0\Project\Demonstration\EWARM\STM32F0_Discovery\Obj\stm32f0xx_dma.o
#        E:\CMS\STM32_discovery\en.stm32f0discovery_fw\STM32F0-Discovery_FW_V1.0.0\Project\Demonstration\EWARM\STM32F0_Discovery\Obj\stm32f0xx_exti.o
#        E:\CMS\STM32_discovery\en.stm32f0discovery_fw\STM32F0-Discovery_FW_V1.0.0\Project\Demonstration\EWARM\STM32F0_Discovery\Obj\stm32f0xx_flash.o
#        E:\CMS\STM32_discovery\en.stm32f0discovery_fw\STM32F0-Discovery_FW_V1.0.0\Project\Demonstration\EWARM\STM32F0_Discovery\Obj\stm32f0xx_gpio.o
#        E:\CMS\STM32_discovery\en.stm32f0discovery_fw\STM32F0-Discovery_FW_V1.0.0\Project\Demonstration\EWARM\STM32F0_Discovery\Obj\stm32f0xx_i2c.o
#        E:\CMS\STM32_discovery\en.stm32f0discovery_fw\STM32F0-Discovery_FW_V1.0.0\Project\Demonstration\EWARM\STM32F0_Discovery\Obj\stm32f0xx_it.o
#        E:\CMS\STM32_discovery\en.stm32f0discovery_fw\STM32F0-Discovery_FW_V1.0.0\Project\Demonstration\EWARM\STM32F0_Discovery\Obj\stm32f0xx_iwdg.o
#        E:\CMS\STM32_discovery\en.stm32f0discovery_fw\STM32F0-Discovery_FW_V1.0.0\Project\Demonstration\EWARM\STM32F0_Discovery\Obj\stm32f0xx_misc.o
#        E:\CMS\STM32_discovery\en.stm32f0discovery_fw\STM32F0-Discovery_FW_V1.0.0\Project\Demonstration\EWARM\STM32F0_Discovery\Obj\stm32f0xx_pwr.o
#        E:\CMS\STM32_discovery\en.stm32f0discovery_fw\STM32F0-Discovery_FW_V1.0.0\Project\Demonstration\EWARM\STM32F0_Discovery\Obj\stm32f0xx_rcc.o
#        E:\CMS\STM32_discovery\en.stm32f0discovery_fw\STM32F0-Discovery_FW_V1.0.0\Project\Demonstration\EWARM\STM32F0_Discovery\Obj\stm32f0xx_rtc.o
#        E:\CMS\STM32_discovery\en.stm32f0discovery_fw\STM32F0-Discovery_FW_V1.0.0\Project\Demonstration\EWARM\STM32F0_Discovery\Obj\stm32f0xx_spi.o
#        E:\CMS\STM32_discovery\en.stm32f0discovery_fw\STM32F0-Discovery_FW_V1.0.0\Project\Demonstration\EWARM\STM32F0_Discovery\Obj\stm32f0xx_syscfg.o
#        E:\CMS\STM32_discovery\en.stm32f0discovery_fw\STM32F0-Discovery_FW_V1.0.0\Project\Demonstration\EWARM\STM32F0_Discovery\Obj\stm32f0xx_tim.o
#        E:\CMS\STM32_discovery\en.stm32f0discovery_fw\STM32F0-Discovery_FW_V1.0.0\Project\Demonstration\EWARM\STM32F0_Discovery\Obj\stm32f0xx_usart.o
#        E:\CMS\STM32_discovery\en.stm32f0discovery_fw\STM32F0-Discovery_FW_V1.0.0\Project\Demonstration\EWARM\STM32F0_Discovery\Obj\stm32f0xx_wwdg.o
#        E:\CMS\STM32_discovery\en.stm32f0discovery_fw\STM32F0-Discovery_FW_V1.0.0\Project\Demonstration\EWARM\STM32F0_Discovery\Obj\system_stm32f0xx.o
#        E:\CMS\STM32_discovery\en.stm32f0discovery_fw\STM32F0-Discovery_FW_V1.0.0\Project\Demonstration\EWARM\STM32F0_Discovery\Obj\uart.o
#        --redirect _Printf=_PrintfFull --redirect _Scanf=_ScanfFull -o
#        E:\CMS\STM32_discovery\en.stm32f0discovery_fw\STM32F0-Discovery_FW_V1.0.0\Project\Demonstration\EWARM\STM32F0_Discovery\Exe\STM32F0-Discovery_Demo.out
#        --map
#        E:\CMS\STM32_discovery\en.stm32f0discovery_fw\STM32F0-Discovery_FW_V1.0.0\Project\Demonstration\EWARM\STM32F0_Discovery\List\STM32F0-Discovery_Demo.map
#        --config
#        E:\CMS\STM32_discovery\en.stm32f0discovery_fw\STM32F0-Discovery_FW_V1.0.0\Project\Demonstration\EWARM\stm32f0xx_flash.icf
#        --semihosting --entry __iar_program_start --vfe
#
###############################################################################

*******************************************************************************
*** RUNTIME MODEL ATTRIBUTES
***

CppFlavor       = *
__SystemLibrary = DLib


*******************************************************************************
*** PLACEMENT SUMMARY
***

"A1":  place at 0x08000000 { ro section .intvec };
"P1":  place in [from 0x08000000 to 0x0800ffff] { ro };
"P2":  place in [from 0x20000000 to 0x20001fff] { rw, block CSTACK, block HEAP };

  Section            Kind        Address   Size  Object
  -------            ----        -------   ----  ------
"A1":                                      0xc0
  .intvec            ro code  0x08000000   0xc0  startup_stm32f0xx.o [1]
                            - 0x080000c0   0xc0

"P1":                                     0x7fe
  .text              ro code  0x080000c0  0x108  stm32f0xx_rcc.o [1]
  .text              ro code  0x080001c8   0xae  I32DivModFast.o [4]
  .text              ro code  0x08000276    0x2  startup_stm32f0xx.o [1]
  .text              ro code  0x08000278    0x2  IntDivZer.o [4]
  .text              ro code  0x0800027a    0x2  startup_stm32f0xx.o [1]
  .text              ro code  0x0800027c   0xfe  stm32f0_discovery.o [1]
  .text              ro code  0x0800037a    0x2  startup_stm32f0xx.o [1]
  .text              ro code  0x0800037c   0x6a  stm32f0xx_gpio.o [1]
  .text              ro code  0x080003e6    0x2  startup_stm32f0xx.o [1]
  .text              ro code  0x080003e8   0x2c  stm32f0xx_syscfg.o [1]
  .text              ro code  0x08000414   0x6c  stm32f0xx_exti.o [1]
  .text              ro code  0x08000480   0x54  stm32f0xx_misc.o [1]
  .text              ro code  0x080004d4   0xe6  stm32f0xx_usart.o [1]
  .text              ro code  0x080005ba    0x2  startup_stm32f0xx.o [1]
  .text              ro code  0x080005bc   0xb4  system_stm32f0xx.o [1]
  .text              ro code  0x08000670   0x90  main.o [1]
  .text              ro code  0x08000700   0x8c  uart.o [1]
  .text              ro code  0x0800078c   0x30  copy_init3.o [4]
  .text              ro code  0x080007bc   0x28  data_init.o [4]
  Initializer bytes  const    0x080007e4   0x24  <for P2-1>
  .iar.init_table    const    0x08000808   0x14  - Linker created -
  .text              ro code  0x0800081c    0x2  startup_stm32f0xx.o [1]
  .text              ro code  0x08000820   0x1a  cmain.o [4]
  .text              ro code  0x0800083a    0x4  low_level_init.o [3]
  .text              ro code  0x0800083e    0x8  exit.o [3]
  .text              ro code  0x08000846    0x2  startup_stm32f0xx.o [1]
  .text              ro code  0x08000848    0xa  cexit.o [4]
  .text              ro code  0x08000852    0x2  startup_stm32f0xx.o [1]
  .text              ro code  0x08000854   0x14  exit.o [5]
  .text              ro code  0x08000868   0x10  startup_stm32f0xx.o [1]
  .text              ro code  0x08000878   0x10  stm32f0xx_it.o [1]
  .text              ro code  0x08000888    0xc  cstartup_M.o [4]
  .text              ro code  0x08000894    0x2  startup_stm32f0xx.o [1]
  .text              ro code  0x08000896    0x2  startup_stm32f0xx.o [1]
  .text              ro code  0x08000898    0x2  startup_stm32f0xx.o [1]
  .text              ro code  0x0800089a    0x2  startup_stm32f0xx.o [1]
  .text              ro code  0x0800089c    0x2  startup_stm32f0xx.o [1]
  .text              ro code  0x0800089e    0x2  startup_stm32f0xx.o [1]
  .text              ro code  0x080008a0    0x2  startup_stm32f0xx.o [1]
  .text              ro code  0x080008a2    0x2  startup_stm32f0xx.o [1]
  .text              ro code  0x080008a4    0x2  startup_stm32f0xx.o [1]
  .text              ro code  0x080008a6    0x2  startup_stm32f0xx.o [1]
  .text              ro code  0x080008a8    0x2  startup_stm32f0xx.o [1]
  .text              ro code  0x080008aa    0x2  startup_stm32f0xx.o [1]
  .text              ro code  0x080008ac    0x2  startup_stm32f0xx.o [1]
  .text              ro code  0x080008ae    0x2  startup_stm32f0xx.o [1]
  .text              ro code  0x080008b0    0x2  startup_stm32f0xx.o [1]
  .text              ro code  0x080008b2    0x2  startup_stm32f0xx.o [1]
  .text              ro code  0x080008b4    0x2  startup_stm32f0xx.o [1]
  .text              ro code  0x080008b6    0x2  startup_stm32f0xx.o [1]
  .text              ro code  0x080008b8    0x2  startup_stm32f0xx.o [1]
  .text              ro code  0x080008ba    0x2  startup_stm32f0xx.o [1]
  .text              ro code  0x080008bc    0x2  startup_stm32f0xx.o [1]
  .rodata            const    0x080008be    0x0  copy_init3.o [4]
                            - 0x080008be  0x7fe

"P2", part 1 of 2:                         0x24
  P2-1                        0x20000000   0x21  <Init block>
    .data            inited   0x20000000    0x8  stm32f0_discovery.o [1]
    .data            inited   0x20000008    0x4  stm32f0_discovery.o [1]
    .data            inited   0x2000000c   0x10  stm32f0xx_rcc.o [1]
    .bss             inited   0x2000001c    0x4  main.o [1]
    .bss             inited   0x20000020    0x1  main.o [1]
                            - 0x20000021   0x21

"P2", part 2 of 2:                        0x400
  CSTACK                      0x20000028  0x400  <Block>
    CSTACK           uninit   0x20000028  0x400  <Block tail>
                            - 0x20000428  0x400


*******************************************************************************
*** INIT TABLE
***

          Address     Size
          -------     ----
Copy (__iar_copy_init3)
    1 source range, total size 0x24 (109% of destination):
          0x080007e4  0x24
    1 destination range, total size 0x21:
          0x20000000  0x21



*******************************************************************************
*** MODULE SUMMARY
***

    Module               ro code  ro data  rw data
    ------               -------  -------  -------
E:\CMS\STM32_discovery\en.stm32f0discovery_fw\STM32F0-Discovery_FW_V1.0.0\Project\Demonstration\EWARM\STM32F0_Discovery\Obj: [1]
    main.o                   144        5        5
    startup_stm32f0xx.o      266
    stm32f0_discovery.o      254       12       12
    stm32f0xx_exti.o         108
    stm32f0xx_gpio.o         106
    stm32f0xx_it.o            16
    stm32f0xx_misc.o          84
    stm32f0xx_rcc.o          264       16       16
    stm32f0xx_syscfg.o        44
    stm32f0xx_usart.o        230
    system_stm32f0xx.o       180
    uart.o                   140
    ----------------------------------------------
    Total:                 1 836       33       33

command line: [2]
    ----------------------------------------------
    Total:

dl6M_tln.a: [3]
    exit.o                     8
    low_level_init.o           4
    ----------------------------------------------
    Total:                    12

rt6M_tl.a: [4]
    I32DivModFast.o          174
    IntDivZer.o                2
    cexit.o                   10
    cmain.o                   26
    copy_init3.o              48
    cstartup_M.o              12
    data_init.o               40
    ----------------------------------------------
    Total:                   312

shb_l.a: [5]
    exit.o                    20
    ----------------------------------------------
    Total:                    20

    Gaps                       2
    Linker created                     23    1 024
--------------------------------------------------
    Grand Total:           2 182       56    1 057


*******************************************************************************
*** ENTRY LIST
***

Entry                      Address  Size  Type      Object
-----                      -------  ----  ----      ------
.iar.init_table$$Base   0x08000808         --   Gb  - Linker created -
.iar.init_table$$Limit  0x0800081c         --   Gb  - Linker created -
?main                   0x08000821        Code  Gb  cmain.o [4]
APBAHBPrescTable        0x2000000c  0x10  Data  Lc  stm32f0xx_rcc.o [1]
BUTTON_CLK              0x08000368   0x4  Data  Gb  stm32f0_discovery.o [1]
BUTTON_EXTI_LINE        0x0800036c   0x2  Data  Gb  stm32f0_discovery.o [1]
BUTTON_IRQn             0x08000378   0x2  Data  Gb  stm32f0_discovery.o [1]
BUTTON_PIN              0x08000364   0x2  Data  Gb  stm32f0_discovery.o [1]
BUTTON_PIN_SOURCE       0x08000374   0x2  Data  Gb  stm32f0_discovery.o [1]
BUTTON_PORT             0x20000008   0x4  Data  Gb  stm32f0_discovery.o [1]
BUTTON_PORT_SOURCE      0x08000370   0x2  Data  Gb  stm32f0_discovery.o [1]
BlinkSpeed              0x20000020   0x1  Data  Gb  main.o [1]
CSTACK$$Base            0x20000028         --   Gb  - Linker created -
CSTACK$$Limit           0x20000428         --   Gb  - Linker created -
EXTI_Init               0x08000415  0x66  Code  Gb  stm32f0xx_exti.o [1]
GPIO_CLK                0x0800035c   0x8  Data  Gb  stm32f0_discovery.o [1]
GPIO_Init               0x0800037d  0x6a  Code  Gb  stm32f0xx_gpio.o [1]
GPIO_PIN                0x08000358   0x4  Data  Gb  stm32f0_discovery.o [1]
GPIO_PORT               0x20000000   0x8  Data  Gb  stm32f0_discovery.o [1]
HardFault_Handler       0x0800087b   0x2  Code  Gb  stm32f0xx_it.o [1]
NMI_Handler             0x08000879   0x2  Code  Gb  stm32f0xx_it.o [1]
NVIC_Init               0x08000481  0x46  Code  Gb  stm32f0xx_misc.o [1]
PendSV_Handler          0x0800087f   0x2  Code  Gb  stm32f0xx_it.o [1]
RCC_AHBPeriphClockCmd   0x08000183  0x14  Code  Gb  stm32f0xx_rcc.o [1]
RCC_APB2PeriphClockCmd  0x08000197  0x14  Code  Gb  stm32f0xx_rcc.o [1]
RCC_GetClocksFreq       0x080000c1  0xc2  Code  Gb  stm32f0xx_rcc.o [1]
Region$$Table$$Base     0x08000808         --   Gb  - Linker created -
Region$$Table$$Limit    0x0800081c         --   Gb  - Linker created -
STM_EVAL_LEDInit        0x0800027d  0x36  Code  Gb  stm32f0_discovery.o [1]
STM_EVAL_LEDOn          0x080002b5  0x10  Code  Gb  stm32f0_discovery.o [1]
STM_EVAL_PBInit         0x080002c5  0x8c  Code  Gb  stm32f0_discovery.o [1]
SVC_Handler             0x0800087d   0x2  Code  Gb  stm32f0xx_it.o [1]
SYSCFG_EXTILineConfig   0x080003e9  0x26  Code  Gb  stm32f0xx_syscfg.o [1]
SysTick_Handler         0x08000881   0x8  Code  Gb  stm32f0xx_it.o [1]
SystemInit              0x080005bd  0x98  Code  Gb  system_stm32f0xx.o [1]
TimingDelay             0x2000001c   0x4  Data  Lc  main.o [1]
TimingDelay_Decrement   0x080006d9  0x10  Code  Gb  main.o [1]
USART_Cmd               0x0800057f  0x16  Code  Gb  stm32f0xx_usart.o [1]
USART_GetFlagStatus     0x080005ad   0xe  Code  Gb  stm32f0xx_usart.o [1]
USART_Init              0x080004d5  0xaa  Code  Gb  stm32f0xx_usart.o [1]
USART_SendData          0x08000595   0x8  Code  Gb  stm32f0xx_usart.o [1]
__ICFEDIT_region_RAM_end__ {Abs}
                        0x20001fff         --   Gb  command line/config [2]
__ICFEDIT_region_RAM_start__ {Abs}
                        0x20000000         --   Gb  command line/config [2]
__aeabi_idiv0           0x08000279        Code  Gb  IntDivZer.o [4]
__aeabi_uidiv           0x080001c9        Code  Gb  I32DivModFast.o [4]
__aeabi_uidivmod        0x080001c9        Code  Gb  I32DivModFast.o [4]
__cmain                 0x08000821        Code  Gb  cmain.o [4]
__exit                  0x08000855  0x14  Code  Gb  exit.o [5]
__iar_copy_init3        0x0800078d  0x30  Code  Gb  copy_init3.o [4]
__iar_data_init3        0x080007bd  0x28  Code  Gb  data_init.o [4]
__iar_program_start     0x08000889        Code  Gb  cstartup_M.o [4]
__low_level_init        0x0800083b   0x4  Code  Gb  low_level_init.o [3]
__vector_table          0x08000000        Data  Gb  startup_stm32f0xx.o [1]
_call_main              0x0800082d        Code  Gb  cmain.o [4]
_exit                   0x08000849        Code  Gb  cexit.o [4]
_main                   0x08000837        Code  Gb  cmain.o [4]
exit                    0x0800083f   0x8  Code  Gb  exit.o [3]
main                    0x08000671  0x68  Code  Gb  main.o [1]
uart_init               0x08000701  0x6c  Code  Gb  uart.o [1]
usart_putchar           0x0800076d  0x1a  Code  Gb  uart.o [1]


[1] = E:\CMS\STM32_discovery\en.stm32f0discovery_fw\STM32F0-Discovery_FW_V1.0.0\Project\Demonstration\EWARM\STM32F0_Discovery\Obj
[2] = command line
[3] = dl6M_tln.a
[4] = rt6M_tl.a
[5] = shb_l.a

  2 182 bytes of readonly  code memory
     56 bytes of readonly  data memory
  1 057 bytes of readwrite data memory

Errors: none
Warnings: none
