ARM Linker, 5.03 [Build 76] [MDK-ARM Standard]

==============================================================================

Section Cross References

    system_stm32f0xx.o(i.SystemCoreClockUpdate) refers to uidiv.o(.text) for __aeabi_uidivmod
    system_stm32f0xx.o(i.SystemCoreClockUpdate) refers to system_stm32f0xx.o(.data) for .data
    main.o(i.Delay) refers to main.o(.data) for .data
    main.o(i.EXTI0_Config) refers to stm32f0xx_rcc.o(i.RCC_AHBPeriphClockCmd) for RCC_AHBPeriphClockCmd
    main.o(i.EXTI0_Config) refers to stm32f0xx_gpio.o(i.GPIO_Init) for GPIO_Init
    main.o(i.EXTI0_Config) refers to stm32f0xx_rcc.o(i.RCC_APB2PeriphClockCmd) for RCC_APB2PeriphClockCmd
    main.o(i.EXTI0_Config) refers to stm32f0xx_syscfg.o(i.SYSCFG_EXTILineConfig) for SYSCFG_EXTILineConfig
    main.o(i.EXTI0_Config) refers to stm32f0xx_exti.o(i.EXTI_Init) for EXTI_Init
    main.o(i.EXTI0_Config) refers to stm32f0xx_misc.o(i.NVIC_Init) for NVIC_Init
    main.o(i.TimingDelay_Decrement) refers to main.o(.data) for .data
    main.o(i.adv_data_to_lsb) refers to main.o(.data) for .data
    main.o(i.adv_init_format_get) refers to memcpya.o(.text) for __aeabi_memcpy4
    main.o(i.adv_init_format_get) refers to main.o(.data) for .data
    main.o(i.arr_to_crc) refers to main.o(.bss) for .bss
    main.o(i.check_crc) refers to main.o(i.crc_update) for crc_update
    main.o(i.crc_init) refers to main.o(.bss) for .bss
    main.o(i.crc_update) refers to main.o(.bss) for .bss
    main.o(i.main) refers to stm32f0xx_rcc.o(i.RCC_GetClocksFreq) for RCC_GetClocksFreq
    main.o(i.main) refers to uidiv.o(.text) for __aeabi_uidivmod
    main.o(i.main) refers to main.o(i.SysTick_Config) for SysTick_Config
    main.o(i.main) refers to cms_spi.o(i.cms_spi_init) for cms_spi_init
    main.o(i.whitening_decode) refers to main.o(i.whitening_output) for whitening_output
    main.o(i.whitening_init) refers to main.o(.data) for .data
    main.o(i.whitening_output) refers to main.o(.data) for .data
    stm32f0xx_it.o(i.EXTI0_1_IRQHandler) refers to stm32f0xx_exti.o(i.EXTI_GetITStatus) for EXTI_GetITStatus
    stm32f0xx_it.o(i.EXTI0_1_IRQHandler) refers to stm32f0xx_exti.o(i.EXTI_ClearITPendingBit) for EXTI_ClearITPendingBit
    stm32f0xx_it.o(i.SysTick_Handler) refers to main.o(i.TimingDelay_Decrement) for TimingDelay_Decrement
    cms_spi.o(i.SPI2_CE_SetHigh) refers to stm32f0xx_gpio.o(i.GPIO_SetBits) for GPIO_SetBits
    cms_spi.o(i.SPI2_CE_SetLow) refers to stm32f0xx_gpio.o(i.GPIO_ResetBits) for GPIO_ResetBits
    cms_spi.o(i.SPI2_CS_Disable_) refers to stm32f0xx_gpio.o(i.GPIO_SetBits) for GPIO_SetBits
    cms_spi.o(i.SPI2_CS_Enable_) refers to stm32f0xx_gpio.o(i.GPIO_ResetBits) for GPIO_ResetBits
    cms_spi.o(i.SPI2_Config) refers to stm32f0xx_rcc.o(i.RCC_APB1PeriphClockCmd) for RCC_APB1PeriphClockCmd
    cms_spi.o(i.SPI2_Config) refers to stm32f0xx_rcc.o(i.RCC_AHBPeriphClockCmd) for RCC_AHBPeriphClockCmd
    cms_spi.o(i.SPI2_Config) refers to stm32f0xx_gpio.o(i.GPIO_PinAFConfig) for GPIO_PinAFConfig
    cms_spi.o(i.SPI2_Config) refers to stm32f0xx_gpio.o(i.GPIO_Init) for GPIO_Init
    cms_spi.o(i.SPI2_Config) refers to stm32f0xx_spi.o(i.SPI_I2S_DeInit) for SPI_I2S_DeInit
    cms_spi.o(i.SPI2_Config) refers to stm32f0xx_spi.o(i.SPI_Init) for SPI_Init
    cms_spi.o(i.SPI2_Config) refers to stm32f0xx_gpio.o(i.GPIO_SetBits) for GPIO_SetBits
    cms_spi.o(i.SPI2_Config) refers to stm32f0xx_syscfg.o(i.SYSCFG_EXTILineConfig) for SYSCFG_EXTILineConfig
    cms_spi.o(i.SPI2_Config) refers to stm32f0xx_exti.o(i.EXTI_Init) for EXTI_Init
    cms_spi.o(i.SPI2_Config) refers to stm32f0xx_misc.o(i.NVIC_Init) for NVIC_Init
    cms_spi.o(i.SPI2_Config) refers to stm32f0xx_spi.o(i.SPI_Cmd) for SPI_Cmd
    cms_spi.o(i.SPI2_Config) refers to stm32f0xx_spi.o(i.SPI_SSOutputCmd) for SPI_SSOutputCmd
    cms_spi.o(i.SPI2_Config) refers to cms_spi.o(.bss) for .bss
    cms_spi.o(i.SPI2_WriteRead) refers to stm32f0xx_spi.o(i.SPI_SendData8) for SPI_SendData8
    cms_spi.o(i.SPI2_WriteRead) refers to stm32f0xx_spi.o(i.SPI_ReceiveData8) for SPI_ReceiveData8
    cms_spi.o(i.SPI_CE_SetHigh) refers to stm32f0xx_gpio.o(i.GPIO_SetBits) for GPIO_SetBits
    cms_spi.o(i.SPI_CE_SetLow) refers to stm32f0xx_gpio.o(i.GPIO_ResetBits) for GPIO_ResetBits
    cms_spi.o(i.SPI_CS_Disable_) refers to stm32f0xx_gpio.o(i.GPIO_SetBits) for GPIO_SetBits
    cms_spi.o(i.SPI_CS_Enable_) refers to stm32f0xx_gpio.o(i.GPIO_ResetBits) for GPIO_ResetBits
    cms_spi.o(i.SPI_Config) refers to stm32f0xx_rcc.o(i.RCC_APB2PeriphClockCmd) for RCC_APB2PeriphClockCmd
    cms_spi.o(i.SPI_Config) refers to stm32f0xx_rcc.o(i.RCC_AHBPeriphClockCmd) for RCC_AHBPeriphClockCmd
    cms_spi.o(i.SPI_Config) refers to stm32f0xx_gpio.o(i.GPIO_PinAFConfig) for GPIO_PinAFConfig
    cms_spi.o(i.SPI_Config) refers to stm32f0xx_gpio.o(i.GPIO_Init) for GPIO_Init
    cms_spi.o(i.SPI_Config) refers to stm32f0xx_spi.o(i.SPI_I2S_DeInit) for SPI_I2S_DeInit
    cms_spi.o(i.SPI_Config) refers to stm32f0xx_spi.o(i.SPI_Init) for SPI_Init
    cms_spi.o(i.SPI_Config) refers to stm32f0xx_gpio.o(i.GPIO_SetBits) for GPIO_SetBits
    cms_spi.o(i.SPI_Config) refers to stm32f0xx_gpio.o(i.GPIO_ResetBits) for GPIO_ResetBits
    cms_spi.o(i.SPI_Config) refers to stm32f0xx_spi.o(i.SPI_Cmd) for SPI_Cmd
    cms_spi.o(i.SPI_Config) refers to cms_spi.o(.bss) for .bss
    cms_spi.o(i.SPI_Read) refers to stm32f0xx_spi.o(i.SPI_ReceiveData8) for SPI_ReceiveData8
    cms_spi.o(i.SPI_Write) refers to stm32f0xx_spi.o(i.SPI_SendData8) for SPI_SendData8
    cms_spi.o(i.SPI_WriteRead) refers to stm32f0xx_spi.o(i.SPI_I2S_SendData16) for SPI_I2S_SendData16
    cms_spi.o(i.SPI_WriteRead) refers to stm32f0xx_spi.o(i.SPI_I2S_ReceiveData16) for SPI_I2S_ReceiveData16
    cms_spi.o(i.cms_spi2_init) refers to cms_spi.o(i.SPI2_Config) for SPI2_Config
    cms_spi.o(i.cms_spi_init) refers to cms_spi.o(i.SPI_Config) for SPI_Config
    cms_24g.o(i.DelayMs) refers to cms_24g.o(i.DelayUs) for DelayUs
    cms_24g.o(i.WL1600_Check) refers to cms_spi.o(i.SPI_CS_Enable_) for SPI_CS_Enable_
    cms_24g.o(i.WL1600_Check) refers to cms_24g.o(i.DelayMs) for DelayMs
    cms_24g.o(i.WL1600_Check) refers to cms_spi.o(i.SPI_CS_Disable_) for SPI_CS_Disable_
    cms_24g.o(i.WL1600_Check) refers to cms_24g.o(i.WL1600_Write_Reg) for WL1600_Write_Reg
    cms_24g.o(i.WL1600_Check) refers to cms_24g.o(i.WL1600_Read_Reg) for WL1600_Read_Reg
    cms_24g.o(i.WL1600_Check) refers to cms_24g.o(.constdata) for .constdata
    cms_24g.o(i.WL1600_Check) refers to cms_24g.o(.data) for .data
    cms_24g.o(i.WL1600_Clean_Pkg_Flag) refers to cms_24g.o(i.WL1600_Write_Reg_Bit) for WL1600_Write_Reg_Bit
    cms_24g.o(i.WL1600_Clean_Tx_Fifo) refers to cms_24g.o(i.WL1600_Write_Reg_Bit) for WL1600_Write_Reg_Bit
    cms_24g.o(i.WL1600_Pkt_Flag) refers to cms_24g.o(i.WL1600_Read_Reg_Bit) for WL1600_Read_Reg_Bit
    cms_24g.o(i.WL1600_Read_Fifo_Data) refers to cms_24g.o(i.WL1600_Read_Reg) for WL1600_Read_Reg
    cms_24g.o(i.WL1600_Read_Reg) refers to cms_spi.o(i.SPI_CS_Enable_) for SPI_CS_Enable_
    cms_24g.o(i.WL1600_Read_Reg) refers to cms_spi.o(i.SPI_WriteRead) for SPI_WriteRead
    cms_24g.o(i.WL1600_Read_Reg) refers to cms_spi.o(i.SPI_CS_Disable_) for SPI_CS_Disable_
    cms_24g.o(i.WL1600_Read_Reg_Bit) refers to cms_24g.o(i.WL1600_Read_Reg) for WL1600_Read_Reg
    cms_24g.o(i.WL1600_Write_Reg) refers to cms_spi.o(i.SPI_CS_Enable_) for SPI_CS_Enable_
    cms_24g.o(i.WL1600_Write_Reg) refers to cms_spi.o(i.SPI_WriteRead) for SPI_WriteRead
    cms_24g.o(i.WL1600_Write_Reg) refers to cms_spi.o(i.SPI_CS_Disable_) for SPI_CS_Disable_
    cms_24g.o(i.WL1600_Write_Reg_Bit) refers to cms_24g.o(i.WL1600_Read_Reg) for WL1600_Read_Reg
    cms_24g.o(i.WL1600_Write_Reg_Bit) refers to cms_24g.o(i.WL1600_Write_Reg) for WL1600_Write_Reg
    cms_24g.o(i.rf_init) refers to cms_spi.o(i.SPI_CS_Disable_) for SPI_CS_Disable_
    cms_24g.o(i.rf_init) refers to cms_24g.o(i.DelayMs) for DelayMs
    cms_24g.o(i.rf_init) refers to cms_24g.o(i.WL1600_Write_Reg) for WL1600_Write_Reg
    cms_24g.o(i.rf_init) refers to cms_24g.o(i.WL1600_Check) for WL1600_Check
    cms_24g.o(i.rf_init) refers to cms_24g.o(i.WL1600_Write_Reg_Bit) for WL1600_Write_Reg_Bit
    cms_24g.o(i.rf_init) refers to cms_24g.o(i.WL1600_Read_Reg) for WL1600_Read_Reg
    cms_24g.o(i.rf_receive) refers to cms_24g.o(i.WL1600_Write_Reg_Bit) for WL1600_Write_Reg_Bit
    cms_24g.o(i.rf_receive) refers to cms_24g.o(i.DelayUs) for DelayUs
    cms_24g.o(i.rf_receive) refers to cms_24g.o(i.WL1600_Pkt_Flag) for WL1600_Pkt_Flag
    cms_24g.o(i.rf_receive) refers to cms_24g.o(i.WL1600_Read_Fifo_Data) for WL1600_Read_Fifo_Data
    cms_24g.o(i.rf_receive) refers to cms_24g.o(i.WL1600_Clean_Pkg_Flag) for WL1600_Clean_Pkg_Flag
    cms_24g.o(i.rf_receive) refers to cms_24g.o(i.WL1600_Read_Reg_Bit) for WL1600_Read_Reg_Bit
    cms_24g.o(i.rf_receive) refers to cms_24g.o(i.WL1600_Clean_Tx_Fifo) for WL1600_Clean_Tx_Fifo
    cms_24g.o(i.rf_receive) refers to cms_24g.o(.data) for .data
    cms_24g.o(i.rf_send) refers to cms_24g.o(i.WL1600_Clean_Tx_Fifo) for WL1600_Clean_Tx_Fifo
    cms_24g.o(i.rf_send) refers to cms_24g.o(i.WL1600_Write_Reg) for WL1600_Write_Reg
    cms_24g.o(i.rf_send) refers to cms_24g.o(i.WL1600_Write_Reg_Bit) for WL1600_Write_Reg_Bit
    cms_24g.o(i.rf_send) refers to cms_24g.o(i.DelayUs) for DelayUs
    cms_24g.o(i.rf_send) refers to cms_24g.o(i.WL1600_Pkt_Flag) for WL1600_Pkt_Flag
    cms_24g.o(i.rf_send) refers to cms_24g.o(i.WL1600_Clean_Pkg_Flag) for WL1600_Clean_Pkg_Flag
    cms_24g.o(i.rf_send) refers to cms_24g.o(i.DelayMs) for DelayMs
    cms_24g.o(i.rf_send) refers to cms_24g.o(.data) for .data
    cms_24g2.o(i.WL1600_Check_2) refers to cms_spi.o(i.SPI_CE_SetLow) for SPI_CE_SetLow
    cms_24g2.o(i.WL1600_Check_2) refers to cms_24g2.o(i.DelayMs_2) for DelayMs_2
    cms_24g2.o(i.WL1600_Check_2) refers to cms_spi.o(i.SPI_CE_SetHigh) for SPI_CE_SetHigh
    cms_24g2.o(i.WL1600_Check_2) refers to cms_24g2.o(i.WL1600_Write_Reg_2) for WL1600_Write_Reg_2
    cms_24g2.o(i.WL1600_Check_2) refers to cms_24g2.o(i.WL1600_Read_Reg_2) for WL1600_Read_Reg_2
    cms_24g2.o(i.WL1600_Check_2) refers to cms_24g2.o(.constdata) for .constdata
    cms_24g2.o(i.WL1600_Read_Reg_2) refers to cms_spi.o(i.SPI_CS_Enable_) for SPI_CS_Enable_
    cms_24g2.o(i.WL1600_Read_Reg_2) refers to cms_spi.o(i.SPI_Write) for SPI_Write
    cms_24g2.o(i.WL1600_Read_Reg_2) refers to cms_spi.o(i.SPI_Read) for SPI_Read
    cms_24g2.o(i.WL1600_Read_Reg_2) refers to cms_spi.o(i.SPI_CS_Disable_) for SPI_CS_Disable_
    cms_24g2.o(i.WL1600_Write_Reg_2) refers to cms_spi.o(i.SPI_CS_Enable_) for SPI_CS_Enable_
    cms_24g2.o(i.WL1600_Write_Reg_2) refers to cms_spi.o(i.SPI_Write) for SPI_Write
    cms_24g2.o(i.WL1600_Write_Reg_2) refers to cms_spi.o(i.SPI_CS_Disable_) for SPI_CS_Disable_
    cms_24g2.o(i.WL1600_Write_Reg_Bit_2) refers to cms_24g2.o(i.WL1600_Read_Reg_2) for WL1600_Read_Reg_2
    cms_24g2.o(i.WL1600_Write_Reg_Bit_2) refers to cms_24g2.o(i.WL1600_Write_Reg_2) for WL1600_Write_Reg_2
    cms_24g2.o(i.rf_init_2) refers to cms_spi.o(i.SPI_CE_SetHigh) for SPI_CE_SetHigh
    cms_24g2.o(i.rf_init_2) refers to cms_24g2.o(i.WL1600_Write_Reg_2) for WL1600_Write_Reg_2
    cms_24g2.o(i.rf_init_2) refers to cms_24g2.o(i.DelayMs_2) for DelayMs_2
    cms_24g2.o(i.rf_init_2) refers to cms_24g2.o(i.WL1600_Check_2) for WL1600_Check_2
    cms_24g2.o(i.rf_init_2) refers to cms_24g2.o(i.WL1600_Write_Reg_Bit_2) for WL1600_Write_Reg_Bit_2
    cms_24g2.o(i.rf_receive_2) refers to cms_24g2.o(i.WL1600_Write_Reg_Bit_2) for WL1600_Write_Reg_Bit_2
    stm32f0_discovery.o(i.STM_EVAL_LEDInit) refers to stm32f0xx_rcc.o(i.RCC_AHBPeriphClockCmd) for RCC_AHBPeriphClockCmd
    stm32f0_discovery.o(i.STM_EVAL_LEDInit) refers to stm32f0xx_gpio.o(i.GPIO_Init) for GPIO_Init
    stm32f0_discovery.o(i.STM_EVAL_LEDInit) refers to stm32f0_discovery.o(.constdata) for .constdata
    stm32f0_discovery.o(i.STM_EVAL_LEDInit) refers to stm32f0_discovery.o(.data) for .data
    stm32f0_discovery.o(i.STM_EVAL_LEDOff) refers to stm32f0_discovery.o(.constdata) for .constdata
    stm32f0_discovery.o(i.STM_EVAL_LEDOff) refers to stm32f0_discovery.o(.data) for .data
    stm32f0_discovery.o(i.STM_EVAL_LEDOn) refers to stm32f0_discovery.o(.constdata) for .constdata
    stm32f0_discovery.o(i.STM_EVAL_LEDOn) refers to stm32f0_discovery.o(.data) for .data
    stm32f0_discovery.o(i.STM_EVAL_LEDToggle) refers to stm32f0_discovery.o(.data) for .data
    stm32f0_discovery.o(i.STM_EVAL_LEDToggle) refers to stm32f0_discovery.o(.constdata) for .constdata
    stm32f0_discovery.o(i.STM_EVAL_PBGetState) refers to stm32f0xx_gpio.o(i.GPIO_ReadInputDataBit) for GPIO_ReadInputDataBit
    stm32f0_discovery.o(i.STM_EVAL_PBGetState) refers to stm32f0_discovery.o(.constdata) for .constdata
    stm32f0_discovery.o(i.STM_EVAL_PBGetState) refers to stm32f0_discovery.o(.data) for .data
    stm32f0_discovery.o(i.STM_EVAL_PBInit) refers to stm32f0xx_rcc.o(i.RCC_AHBPeriphClockCmd) for RCC_AHBPeriphClockCmd
    stm32f0_discovery.o(i.STM_EVAL_PBInit) refers to stm32f0xx_rcc.o(i.RCC_APB2PeriphClockCmd) for RCC_APB2PeriphClockCmd
    stm32f0_discovery.o(i.STM_EVAL_PBInit) refers to stm32f0xx_gpio.o(i.GPIO_Init) for GPIO_Init
    stm32f0_discovery.o(i.STM_EVAL_PBInit) refers to stm32f0xx_syscfg.o(i.SYSCFG_EXTILineConfig) for SYSCFG_EXTILineConfig
    stm32f0_discovery.o(i.STM_EVAL_PBInit) refers to stm32f0xx_exti.o(i.EXTI_Init) for EXTI_Init
    stm32f0_discovery.o(i.STM_EVAL_PBInit) refers to stm32f0xx_misc.o(i.NVIC_Init) for NVIC_Init
    stm32f0_discovery.o(i.STM_EVAL_PBInit) refers to stm32f0_discovery.o(.constdata) for .constdata
    stm32f0_discovery.o(i.STM_EVAL_PBInit) refers to stm32f0_discovery.o(.data) for .data
    stm32f0xx_adc.o(i.ADC_DeInit) refers to stm32f0xx_rcc.o(i.RCC_APB2PeriphResetCmd) for RCC_APB2PeriphResetCmd
    stm32f0xx_dac.o(i.DAC_DeInit) refers to stm32f0xx_rcc.o(i.RCC_APB1PeriphResetCmd) for RCC_APB1PeriphResetCmd
    stm32f0xx_flash.o(i.FLASH_EraseAllPages) refers to stm32f0xx_flash.o(i.FLASH_WaitForLastOperation) for FLASH_WaitForLastOperation
    stm32f0xx_flash.o(i.FLASH_ErasePage) refers to stm32f0xx_flash.o(i.FLASH_WaitForLastOperation) for FLASH_WaitForLastOperation
    stm32f0xx_flash.o(i.FLASH_OB_BOOTConfig) refers to stm32f0xx_flash.o(i.FLASH_WaitForLastOperation) for FLASH_WaitForLastOperation
    stm32f0xx_flash.o(i.FLASH_OB_EnableWRP) refers to stm32f0xx_flash.o(i.FLASH_WaitForLastOperation) for FLASH_WaitForLastOperation
    stm32f0xx_flash.o(i.FLASH_OB_Erase) refers to stm32f0xx_flash.o(i.FLASH_OB_GetRDP) for FLASH_OB_GetRDP
    stm32f0xx_flash.o(i.FLASH_OB_Erase) refers to stm32f0xx_flash.o(i.FLASH_WaitForLastOperation) for FLASH_WaitForLastOperation
    stm32f0xx_flash.o(i.FLASH_OB_RDPConfig) refers to stm32f0xx_flash.o(i.FLASH_WaitForLastOperation) for FLASH_WaitForLastOperation
    stm32f0xx_flash.o(i.FLASH_OB_SRAMParityConfig) refers to stm32f0xx_flash.o(i.FLASH_WaitForLastOperation) for FLASH_WaitForLastOperation
    stm32f0xx_flash.o(i.FLASH_OB_UserConfig) refers to stm32f0xx_flash.o(i.FLASH_WaitForLastOperation) for FLASH_WaitForLastOperation
    stm32f0xx_flash.o(i.FLASH_OB_VDDAConfig) refers to stm32f0xx_flash.o(i.FLASH_WaitForLastOperation) for FLASH_WaitForLastOperation
    stm32f0xx_flash.o(i.FLASH_OB_WriteUser) refers to stm32f0xx_flash.o(i.FLASH_WaitForLastOperation) for FLASH_WaitForLastOperation
    stm32f0xx_flash.o(i.FLASH_ProgramHalfWord) refers to stm32f0xx_flash.o(i.FLASH_WaitForLastOperation) for FLASH_WaitForLastOperation
    stm32f0xx_flash.o(i.FLASH_ProgramOptionByteData) refers to stm32f0xx_flash.o(i.FLASH_WaitForLastOperation) for FLASH_WaitForLastOperation
    stm32f0xx_flash.o(i.FLASH_ProgramWord) refers to stm32f0xx_flash.o(i.FLASH_WaitForLastOperation) for FLASH_WaitForLastOperation
    stm32f0xx_flash.o(i.FLASH_WaitForLastOperation) refers to stm32f0xx_flash.o(i.FLASH_GetStatus) for FLASH_GetStatus
    stm32f0xx_gpio.o(i.GPIO_DeInit) refers to stm32f0xx_rcc.o(i.RCC_AHBPeriphResetCmd) for RCC_AHBPeriphResetCmd
    stm32f0xx_i2c.o(i.I2C_DeInit) refers to stm32f0xx_rcc.o(i.RCC_APB1PeriphResetCmd) for RCC_APB1PeriphResetCmd
    stm32f0xx_rcc.o(i.RCC_GetClocksFreq) refers to uidiv.o(.text) for __aeabi_uidivmod
    stm32f0xx_rcc.o(i.RCC_GetClocksFreq) refers to stm32f0xx_rcc.o(.data) for .data
    stm32f0xx_rcc.o(i.RCC_WaitForHSEStartUp) refers to stm32f0xx_rcc.o(i.RCC_GetFlagStatus) for RCC_GetFlagStatus
    stm32f0xx_spi.o(i.I2S_Init) refers to stm32f0xx_rcc.o(i.RCC_GetClocksFreq) for RCC_GetClocksFreq
    stm32f0xx_spi.o(i.I2S_Init) refers to uidiv.o(.text) for __aeabi_uidivmod
    stm32f0xx_spi.o(i.SPI_I2S_DeInit) refers to stm32f0xx_rcc.o(i.RCC_APB2PeriphResetCmd) for RCC_APB2PeriphResetCmd
    stm32f0xx_spi.o(i.SPI_I2S_DeInit) refers to stm32f0xx_rcc.o(i.RCC_APB1PeriphResetCmd) for RCC_APB1PeriphResetCmd
    stm32f0xx_tim.o(i.TIM_DeInit) refers to stm32f0xx_rcc.o(i.RCC_APB1PeriphResetCmd) for RCC_APB1PeriphResetCmd
    stm32f0xx_tim.o(i.TIM_DeInit) refers to stm32f0xx_rcc.o(i.RCC_APB2PeriphResetCmd) for RCC_APB2PeriphResetCmd
    stm32f0xx_tim.o(i.TIM_ETRClockMode1Config) refers to stm32f0xx_tim.o(i.TIM_ETRConfig) for TIM_ETRConfig
    stm32f0xx_tim.o(i.TIM_ETRClockMode2Config) refers to stm32f0xx_tim.o(i.TIM_ETRConfig) for TIM_ETRConfig
    stm32f0xx_tim.o(i.TIM_ICInit) refers to stm32f0xx_tim.o(i.TIM_SetIC4Prescaler) for TIM_SetIC4Prescaler
    stm32f0xx_tim.o(i.TIM_ICInit) refers to stm32f0xx_tim.o(i.TI1_Config) for TI1_Config
    stm32f0xx_tim.o(i.TIM_ICInit) refers to stm32f0xx_tim.o(i.TIM_SetIC1Prescaler) for TIM_SetIC1Prescaler
    stm32f0xx_tim.o(i.TIM_ICInit) refers to stm32f0xx_tim.o(i.TI2_Config) for TI2_Config
    stm32f0xx_tim.o(i.TIM_ICInit) refers to stm32f0xx_tim.o(i.TIM_SetIC2Prescaler) for TIM_SetIC2Prescaler
    stm32f0xx_tim.o(i.TIM_ICInit) refers to stm32f0xx_tim.o(i.TIM_SetIC3Prescaler) for TIM_SetIC3Prescaler
    stm32f0xx_tim.o(i.TIM_ITRxExternalClockConfig) refers to stm32f0xx_tim.o(i.TIM_SelectInputTrigger) for TIM_SelectInputTrigger
    stm32f0xx_tim.o(i.TIM_PWMIConfig) refers to stm32f0xx_tim.o(i.TI2_Config) for TI2_Config
    stm32f0xx_tim.o(i.TIM_PWMIConfig) refers to stm32f0xx_tim.o(i.TIM_SetIC2Prescaler) for TIM_SetIC2Prescaler
    stm32f0xx_tim.o(i.TIM_PWMIConfig) refers to stm32f0xx_tim.o(i.TI1_Config) for TI1_Config
    stm32f0xx_tim.o(i.TIM_PWMIConfig) refers to stm32f0xx_tim.o(i.TIM_SetIC1Prescaler) for TIM_SetIC1Prescaler
    stm32f0xx_tim.o(i.TIM_TIxExternalClockConfig) refers to stm32f0xx_tim.o(i.TI1_Config) for TI1_Config
    stm32f0xx_tim.o(i.TIM_TIxExternalClockConfig) refers to stm32f0xx_tim.o(i.TIM_SelectInputTrigger) for TIM_SelectInputTrigger
    stm32f0xx_tim.o(i.TIM_TIxExternalClockConfig) refers to stm32f0xx_tim.o(i.TI2_Config) for TI2_Config
    startup_stm32f0xx.o(RESET) refers to startup_stm32f0xx.o(STACK) for __initial_sp
    startup_stm32f0xx.o(RESET) refers to startup_stm32f0xx.o(.text) for Reset_Handler
    startup_stm32f0xx.o(RESET) refers to stm32f0xx_it.o(i.NMI_Handler) for NMI_Handler
    startup_stm32f0xx.o(RESET) refers to stm32f0xx_it.o(i.HardFault_Handler) for HardFault_Handler
    startup_stm32f0xx.o(RESET) refers to stm32f0xx_it.o(i.SVC_Handler) for SVC_Handler
    startup_stm32f0xx.o(RESET) refers to stm32f0xx_it.o(i.PendSV_Handler) for PendSV_Handler
    startup_stm32f0xx.o(RESET) refers to stm32f0xx_it.o(i.SysTick_Handler) for SysTick_Handler
    startup_stm32f0xx.o(RESET) refers to stm32f0xx_it.o(i.EXTI0_1_IRQHandler) for EXTI0_1_IRQHandler
    startup_stm32f0xx.o(.text) refers to system_stm32f0xx.o(i.SystemInit) for SystemInit
    startup_stm32f0xx.o(.text) refers to entry.o(.ARM.Collect$$$$00000000) for __main
    hal_ble.o(i.read_ll_reg) refers to hal_spi.o(i.BLE_SPI_CS_Enable_) for BLE_SPI_CS_Enable_
    hal_ble.o(i.read_ll_reg) refers to hal_spi.o(i.BLE_SPI_WriteRead) for BLE_SPI_WriteRead
    hal_ble.o(i.read_ll_reg) refers to hal_spi.o(i.BLE_SPI_CS_Disable_) for BLE_SPI_CS_Disable_
    hal_ble.o(i.wl1600_init) refers to hal_spi.o(i.BLE_SPI_CE_SetLow) for BLE_SPI_CE_SetLow
    hal_ble.o(i.wl1600_init) refers to hal_spi.o(i.BLE_SPI_CS_Disable_) for BLE_SPI_CS_Disable_
    hal_ble.o(i.wl1600_init) refers to sys_delay.o(i.delay_us) for delay_us
    hal_ble.o(i.wl1600_init) refers to hal_spi.o(i.BLE_SPI_CE_SetHigh) for BLE_SPI_CE_SetHigh
    hal_ble.o(i.wl1600_init) refers to hal_ble.o(i.wl1600_write_reg) for wl1600_write_reg
    hal_ble.o(i.wl1600_init) refers to hal_ble.o(.constdata) for .constdata
    hal_ble.o(i.wl1600_read_reg) refers to hal_spi.o(i.BLE_SPI_CS_Enable_) for BLE_SPI_CS_Enable_
    hal_ble.o(i.wl1600_read_reg) refers to sys_delay.o(i.delay_us) for delay_us
    hal_ble.o(i.wl1600_read_reg) refers to hal_spi.o(i.BLE_SPI_WriteRead) for BLE_SPI_WriteRead
    hal_ble.o(i.wl1600_read_reg) refers to hal_spi.o(i.BLE_SPI_CS_Disable_) for BLE_SPI_CS_Disable_
    hal_ble.o(i.wl1600_write_reg) refers to hal_spi.o(i.BLE_SPI_CS_Enable_) for BLE_SPI_CS_Enable_
    hal_ble.o(i.wl1600_write_reg) refers to sys_delay.o(i.delay_us) for delay_us
    hal_ble.o(i.wl1600_write_reg) refers to hal_spi.o(i.BLE_SPI_WriteRead) for BLE_SPI_WriteRead
    hal_ble.o(i.wl1600_write_reg) refers to hal_spi.o(i.BLE_SPI_CS_Disable_) for BLE_SPI_CS_Disable_
    hal_ble.o(i.write_ll_reg) refers to hal_spi.o(i.BLE_SPI_CS_Enable_) for BLE_SPI_CS_Enable_
    hal_ble.o(i.write_ll_reg) refers to hal_spi.o(i.BLE_SPI_WriteRead) for BLE_SPI_WriteRead
    hal_ble.o(i.write_ll_reg) refers to hal_spi.o(i.BLE_SPI_CS_Disable_) for BLE_SPI_CS_Disable_
    hal_spi.o(i.BLE_SPI_CE_SetHigh) refers to stm32f0xx_gpio.o(i.GPIO_SetBits) for GPIO_SetBits
    hal_spi.o(i.BLE_SPI_CE_SetLow) refers to stm32f0xx_gpio.o(i.GPIO_ResetBits) for GPIO_ResetBits
    hal_spi.o(i.BLE_SPI_CS_Disable_) refers to stm32f0xx_gpio.o(i.GPIO_SetBits) for GPIO_SetBits
    hal_spi.o(i.BLE_SPI_CS_Enable_) refers to stm32f0xx_gpio.o(i.GPIO_ResetBits) for GPIO_ResetBits
    hal_spi.o(i.BLE_SPI_Config) refers to stm32f0xx_rcc.o(i.RCC_APB2PeriphClockCmd) for RCC_APB2PeriphClockCmd
    hal_spi.o(i.BLE_SPI_Config) refers to stm32f0xx_rcc.o(i.RCC_AHBPeriphClockCmd) for RCC_AHBPeriphClockCmd
    hal_spi.o(i.BLE_SPI_Config) refers to stm32f0xx_gpio.o(i.GPIO_PinAFConfig) for GPIO_PinAFConfig
    hal_spi.o(i.BLE_SPI_Config) refers to stm32f0xx_gpio.o(i.GPIO_Init) for GPIO_Init
    hal_spi.o(i.BLE_SPI_Config) refers to stm32f0xx_spi.o(i.SPI_I2S_DeInit) for SPI_I2S_DeInit
    hal_spi.o(i.BLE_SPI_Config) refers to stm32f0xx_spi.o(i.SPI_Init) for SPI_Init
    hal_spi.o(i.BLE_SPI_Config) refers to stm32f0xx_gpio.o(i.GPIO_SetBits) for GPIO_SetBits
    hal_spi.o(i.BLE_SPI_Config) refers to stm32f0xx_gpio.o(i.GPIO_ResetBits) for GPIO_ResetBits
    hal_spi.o(i.BLE_SPI_Config) refers to stm32f0xx_spi.o(i.SPI_Cmd) for SPI_Cmd
    hal_spi.o(i.BLE_SPI_Read) refers to stm32f0xx_spi.o(i.SPI_ReceiveData8) for SPI_ReceiveData8
    hal_spi.o(i.BLE_SPI_Write) refers to stm32f0xx_spi.o(i.SPI_SendData8) for SPI_SendData8
    hal_spi.o(i.BLE_SPI_WriteRead) refers to stm32f0xx_spi.o(i.SPI_I2S_SendData16) for SPI_I2S_SendData16
    hal_spi.o(i.BLE_SPI_WriteRead) refers to stm32f0xx_spi.o(i.SPI_I2S_ReceiveData16) for SPI_I2S_ReceiveData16
    hal_spi.o(i.hal_spi_init) refers to hal_spi.o(i.BLE_SPI_Config) for BLE_SPI_Config
    sys_delay.o(i.delay_init) refers to stm32f0xx_misc.o(i.SysTick_CLKSourceConfig) for SysTick_CLKSourceConfig
    sys_delay.o(i.delay_init) refers to uidiv.o(.text) for __aeabi_uidivmod
    sys_delay.o(i.delay_init) refers to system_stm32f0xx.o(.data) for SystemCoreClock
    sys_delay.o(i.delay_init) refers to sys_delay.o(.data) for .data
    sys_delay.o(i.delay_ms) refers to sys_delay.o(.data) for .data
    sys_delay.o(i.delay_us) refers to sys_delay.o(.data) for .data
    entry.o(.ARM.Collect$$$$00000000) refers (Special) to entry10a.o(.ARM.Collect$$$$0000000D) for __rt_final_cpp
    entry.o(.ARM.Collect$$$$00000000) refers (Special) to entry11a.o(.ARM.Collect$$$$0000000F) for __rt_final_exit
    entry.o(.ARM.Collect$$$$00000000) refers (Special) to entry7b.o(.ARM.Collect$$$$00000008) for _main_clock
    entry.o(.ARM.Collect$$$$00000000) refers (Special) to entry8b.o(.ARM.Collect$$$$0000000A) for _main_cpp_init
    entry.o(.ARM.Collect$$$$00000000) refers (Special) to entry9a.o(.ARM.Collect$$$$0000000B) for _main_init
    entry.o(.ARM.Collect$$$$00000000) refers (Special) to entry5.o(.ARM.Collect$$$$00000004) for _main_scatterload
    entry.o(.ARM.Collect$$$$00000000) refers (Special) to entry2.o(.ARM.Collect$$$$00000001) for _main_stk
    entry2.o(.ARM.Collect$$$$00000001) refers to entry2.o(.ARM.Collect$$$$00002712) for __lit__00000000
    entry2.o(.ARM.Collect$$$$00002712) refers to startup_stm32f0xx.o(STACK) for __initial_sp
    entry2.o(__vectab_stack_and_reset_area) refers to startup_stm32f0xx.o(STACK) for __initial_sp
    entry2.o(__vectab_stack_and_reset_area) refers to entry.o(.ARM.Collect$$$$00000000) for __main
    entry5.o(.ARM.Collect$$$$00000004) refers to init.o(.text) for __scatterload
    entry9a.o(.ARM.Collect$$$$0000000B) refers to main.o(i.main) for main
    entry9b.o(.ARM.Collect$$$$0000000C) refers to main.o(i.main) for main
    init.o(.text) refers to entry5.o(.ARM.Collect$$$$00000004) for __main_after_scatterload


==============================================================================

Removing Unused input sections from the image.

    Removing system_stm32f0xx.o(.emb_text), (8 bytes).
    Removing system_stm32f0xx.o(i.SystemCoreClockUpdate), (108 bytes).
    Removing system_stm32f0xx.o(.data), (20 bytes).
    Removing main.o(.emb_text), (8 bytes).
    Removing main.o(i.Delay), (20 bytes).
    Removing main.o(i.EXTI0_Config), (86 bytes).
    Removing main.o(i.adv_data_to_lsb), (56 bytes).
    Removing main.o(i.adv_init_format_get), (104 bytes).
    Removing main.o(i.arr_to_crc), (32 bytes).
    Removing main.o(i.check_crc), (44 bytes).
    Removing main.o(i.crc_init), (36 bytes).
    Removing main.o(i.crc_update), (120 bytes).
    Removing main.o(i.whitening_decode), (62 bytes).
    Removing main.o(i.whitening_init), (36 bytes).
    Removing main.o(i.whitening_output), (40 bytes).
    Removing main.o(.bss), (24 bytes).
    Removing main.o(.data), (1 bytes).
    Removing main.o(.data), (4 bytes).
    Removing main.o(.data), (6 bytes).
    Removing stm32f0xx_it.o(.emb_text), (8 bytes).
    Removing cms_spi.o(.emb_text), (8 bytes).
    Removing cms_spi.o(i.SPI2_CE_SetHigh), (16 bytes).
    Removing cms_spi.o(i.SPI2_CE_SetLow), (16 bytes).
    Removing cms_spi.o(i.SPI2_CS_Disable_), (20 bytes).
    Removing cms_spi.o(i.SPI2_CS_Enable_), (20 bytes).
    Removing cms_spi.o(i.SPI2_Config), (352 bytes).
    Removing cms_spi.o(i.SPI2_WriteRead), (36 bytes).
    Removing cms_spi.o(i.SPI_CE_SetHigh), (16 bytes).
    Removing cms_spi.o(i.SPI_CE_SetLow), (16 bytes).
    Removing cms_spi.o(i.SPI_CS_Disable_), (16 bytes).
    Removing cms_spi.o(i.SPI_CS_Enable_), (16 bytes).
    Removing cms_spi.o(i.SPI_Read), (20 bytes).
    Removing cms_spi.o(i.SPI_Write), (24 bytes).
    Removing cms_spi.o(i.SPI_WriteRead), (40 bytes).
    Removing cms_spi.o(i.cms_spi2_init), (8 bytes).
    Removing cms_spi.o(.data), (1 bytes).
    Removing cms_24g.o(.emb_text), (8 bytes).
    Removing cms_24g.o(i.DelayMs), (30 bytes).
    Removing cms_24g.o(i.DelayUs), (12 bytes).
    Removing cms_24g.o(i.WL1600_Check), (92 bytes).
    Removing cms_24g.o(i.WL1600_Clean_Pkg_Flag), (14 bytes).
    Removing cms_24g.o(i.WL1600_Clean_Tx_Fifo), (14 bytes).
    Removing cms_24g.o(i.WL1600_Pkt_Flag), (12 bytes).
    Removing cms_24g.o(i.WL1600_Read_Fifo_Data), (10 bytes).
    Removing cms_24g.o(i.WL1600_Read_Reg), (28 bytes).
    Removing cms_24g.o(i.WL1600_Read_Reg_Bit), (20 bytes).
    Removing cms_24g.o(i.WL1600_Write_Reg), (22 bytes).
    Removing cms_24g.o(i.WL1600_Write_Reg_Bit), (38 bytes).
    Removing cms_24g.o(i.rf_init), (108 bytes).
    Removing cms_24g.o(i.rf_receive), (156 bytes).
    Removing cms_24g.o(i.rf_send), (100 bytes).
    Removing cms_24g.o(.constdata), (56 bytes).
    Removing cms_24g.o(.data), (57 bytes).
    Removing cms_24g2.o(.emb_text), (8 bytes).
    Removing cms_24g2.o(i.DelayMs_2), (32 bytes).
    Removing cms_24g2.o(i.WL1600_Check_2), (76 bytes).
    Removing cms_24g2.o(i.WL1600_Read_Reg_2), (28 bytes).
    Removing cms_24g2.o(i.WL1600_Write_Reg_2), (28 bytes).
    Removing cms_24g2.o(i.WL1600_Write_Reg_Bit_2), (38 bytes).
    Removing cms_24g2.o(i.rf_init_2), (50 bytes).
    Removing cms_24g2.o(i.rf_receive_2), (24 bytes).
    Removing cms_24g2.o(.constdata), (14 bytes).
    Removing cms_24g2.o(.data), (15 bytes).
    Removing stm32f0_discovery.o(.emb_text), (8 bytes).
    Removing stm32f0_discovery.o(i.STM_EVAL_LEDInit), (60 bytes).
    Removing stm32f0_discovery.o(i.STM_EVAL_LEDOff), (24 bytes).
    Removing stm32f0_discovery.o(i.STM_EVAL_LEDOn), (24 bytes).
    Removing stm32f0_discovery.o(i.STM_EVAL_LEDToggle), (28 bytes).
    Removing stm32f0_discovery.o(i.STM_EVAL_PBGetState), (28 bytes).
    Removing stm32f0_discovery.o(i.STM_EVAL_PBInit), (144 bytes).
    Removing stm32f0_discovery.o(.constdata), (28 bytes).
    Removing stm32f0_discovery.o(.data), (12 bytes).
    Removing stm32f0xx_syscfg.o(.emb_text), (8 bytes).
    Removing stm32f0xx_syscfg.o(i.SYSCFG_BreakConfig), (16 bytes).
    Removing stm32f0xx_syscfg.o(i.SYSCFG_ClearFlag), (16 bytes).
    Removing stm32f0xx_syscfg.o(i.SYSCFG_DMAChannelRemapConfig), (24 bytes).
    Removing stm32f0xx_syscfg.o(i.SYSCFG_DeInit), (36 bytes).
    Removing stm32f0xx_syscfg.o(i.SYSCFG_EXTILineConfig), (40 bytes).
    Removing stm32f0xx_syscfg.o(i.SYSCFG_GetFlagStatus), (20 bytes).
    Removing stm32f0xx_syscfg.o(i.SYSCFG_I2CFastModePlusConfig), (24 bytes).
    Removing stm32f0xx_syscfg.o(i.SYSCFG_MemoryRemapConfig), (20 bytes).
    Removing stm32f0xx_misc.o(.emb_text), (8 bytes).
    Removing stm32f0xx_misc.o(i.NVIC_Init), (80 bytes).
    Removing stm32f0xx_misc.o(i.NVIC_SystemLPConfig), (24 bytes).
    Removing stm32f0xx_misc.o(i.SysTick_CLKSourceConfig), (24 bytes).
    Removing stm32f0xx_adc.o(.emb_text), (8 bytes).
    Removing stm32f0xx_adc.o(i.ADC_AnalogWatchdogCmd), (20 bytes).
    Removing stm32f0xx_adc.o(i.ADC_AnalogWatchdogSingleChannelCmd), (20 bytes).
    Removing stm32f0xx_adc.o(i.ADC_AnalogWatchdogSingleChannelConfig), (14 bytes).
    Removing stm32f0xx_adc.o(i.ADC_AnalogWatchdogThresholdsConfig), (8 bytes).
    Removing stm32f0xx_adc.o(i.ADC_AutoPowerOffCmd), (20 bytes).
    Removing stm32f0xx_adc.o(i.ADC_ChannelConfig), (10 bytes).
    Removing stm32f0xx_adc.o(i.ADC_ClearFlag), (4 bytes).
    Removing stm32f0xx_adc.o(i.ADC_ClearITPendingBit), (4 bytes).
    Removing stm32f0xx_adc.o(i.ADC_Cmd), (18 bytes).
    Removing stm32f0xx_adc.o(i.ADC_ContinuousModeCmd), (20 bytes).
    Removing stm32f0xx_adc.o(i.ADC_DMACmd), (20 bytes).
    Removing stm32f0xx_adc.o(i.ADC_DMARequestModeConfig), (16 bytes).
    Removing stm32f0xx_adc.o(i.ADC_DeInit), (32 bytes).
    Removing stm32f0xx_adc.o(i.ADC_DiscModeCmd), (20 bytes).
    Removing stm32f0xx_adc.o(i.ADC_GetCalibrationFactor), (46 bytes).
    Removing stm32f0xx_adc.o(i.ADC_GetConversionValue), (6 bytes).
    Removing stm32f0xx_adc.o(i.ADC_GetFlagStatus), (28 bytes).
    Removing stm32f0xx_adc.o(i.ADC_GetITStatus), (22 bytes).
    Removing stm32f0xx_adc.o(i.ADC_ITConfig), (16 bytes).
    Removing stm32f0xx_adc.o(i.ADC_Init), (44 bytes).
    Removing stm32f0xx_adc.o(i.ADC_JitterCmd), (16 bytes).
    Removing stm32f0xx_adc.o(i.ADC_OverrunModeCmd), (20 bytes).
    Removing stm32f0xx_adc.o(i.ADC_StartOfConversion), (10 bytes).
    Removing stm32f0xx_adc.o(i.ADC_StopOfConversion), (10 bytes).
    Removing stm32f0xx_adc.o(i.ADC_StructInit), (16 bytes).
    Removing stm32f0xx_adc.o(i.ADC_TempSensorCmd), (28 bytes).
    Removing stm32f0xx_adc.o(i.ADC_VbatCmd), (28 bytes).
    Removing stm32f0xx_adc.o(i.ADC_VrefintCmd), (28 bytes).
    Removing stm32f0xx_adc.o(i.ADC_WaitModeCmd), (20 bytes).
    Removing stm32f0xx_dac.o(.emb_text), (8 bytes).
    Removing stm32f0xx_dac.o(i.DAC_ClearFlag), (12 bytes).
    Removing stm32f0xx_dac.o(i.DAC_ClearITPendingBit), (12 bytes).
    Removing stm32f0xx_dac.o(i.DAC_Cmd), (28 bytes).
    Removing stm32f0xx_dac.o(i.DAC_DMACmd), (28 bytes).
    Removing stm32f0xx_dac.o(i.DAC_DeInit), (22 bytes).
    Removing stm32f0xx_dac.o(i.DAC_GetDataOutputValue), (24 bytes).
    Removing stm32f0xx_dac.o(i.DAC_GetFlagStatus), (24 bytes).
    Removing stm32f0xx_dac.o(i.DAC_GetITStatus), (32 bytes).
    Removing stm32f0xx_dac.o(i.DAC_ITConfig), (24 bytes).
    Removing stm32f0xx_dac.o(i.DAC_Init), (32 bytes).
    Removing stm32f0xx_dac.o(i.DAC_SetChannel1Data), (20 bytes).
    Removing stm32f0xx_dac.o(i.DAC_SoftwareTriggerCmd), (28 bytes).
    Removing stm32f0xx_dac.o(i.DAC_StructInit), (8 bytes).
    Removing stm32f0xx_dma.o(.emb_text), (8 bytes).
    Removing stm32f0xx_dma.o(i.DMA_ClearFlag), (12 bytes).
    Removing stm32f0xx_dma.o(i.DMA_ClearITPendingBit), (12 bytes).
    Removing stm32f0xx_dma.o(i.DMA_Cmd), (24 bytes).
    Removing stm32f0xx_dma.o(i.DMA_DeInit), (108 bytes).
    Removing stm32f0xx_dma.o(i.DMA_GetCurrDataCounter), (6 bytes).
    Removing stm32f0xx_dma.o(i.DMA_GetFlagStatus), (20 bytes).
    Removing stm32f0xx_dma.o(i.DMA_GetITStatus), (20 bytes).
    Removing stm32f0xx_dma.o(i.DMA_ITConfig), (16 bytes).
    Removing stm32f0xx_dma.o(i.DMA_Init), (60 bytes).
    Removing stm32f0xx_dma.o(i.DMA_SetCurrDataCounter), (4 bytes).
    Removing stm32f0xx_dma.o(i.DMA_StructInit), (26 bytes).
    Removing stm32f0xx_exti.o(.emb_text), (8 bytes).
    Removing stm32f0xx_exti.o(i.EXTI_ClearFlag), (12 bytes).
    Removing stm32f0xx_exti.o(i.EXTI_DeInit), (32 bytes).
    Removing stm32f0xx_exti.o(i.EXTI_GenerateSWInterrupt), (16 bytes).
    Removing stm32f0xx_exti.o(i.EXTI_GetFlagStatus), (20 bytes).
    Removing stm32f0xx_exti.o(i.EXTI_Init), (108 bytes).
    Removing stm32f0xx_exti.o(i.EXTI_StructInit), (14 bytes).
    Removing stm32f0xx_flash.o(.emb_text), (8 bytes).
    Removing stm32f0xx_flash.o(i.FLASH_ClearFlag), (12 bytes).
    Removing stm32f0xx_flash.o(i.FLASH_EraseAllPages), (52 bytes).
    Removing stm32f0xx_flash.o(i.FLASH_ErasePage), (56 bytes).
    Removing stm32f0xx_flash.o(i.FLASH_GetFlagStatus), (20 bytes).
    Removing stm32f0xx_flash.o(i.FLASH_GetPrefetchBufferStatus), (20 bytes).
    Removing stm32f0xx_flash.o(i.FLASH_GetStatus), (40 bytes).
    Removing stm32f0xx_flash.o(i.FLASH_ITConfig), (24 bytes).
    Removing stm32f0xx_flash.o(i.FLASH_Lock), (16 bytes).
    Removing stm32f0xx_flash.o(i.FLASH_OB_BOOTConfig), (64 bytes).
    Removing stm32f0xx_flash.o(i.FLASH_OB_EnableWRP), (88 bytes).
    Removing stm32f0xx_flash.o(i.FLASH_OB_Erase), (116 bytes).
    Removing stm32f0xx_flash.o(i.FLASH_OB_GetRDP), (20 bytes).
    Removing stm32f0xx_flash.o(i.FLASH_OB_GetUser), (16 bytes).
    Removing stm32f0xx_flash.o(i.FLASH_OB_GetWRP), (12 bytes).
    Removing stm32f0xx_flash.o(i.FLASH_OB_Launch), (20 bytes).
    Removing stm32f0xx_flash.o(i.FLASH_OB_Lock), (16 bytes).
    Removing stm32f0xx_flash.o(i.FLASH_OB_RDPConfig), (92 bytes).
    Removing stm32f0xx_flash.o(i.FLASH_OB_SRAMParityConfig), (64 bytes).
    Removing stm32f0xx_flash.o(i.FLASH_OB_Unlock), (32 bytes).
    Removing stm32f0xx_flash.o(i.FLASH_OB_UserConfig), (72 bytes).
    Removing stm32f0xx_flash.o(i.FLASH_OB_VDDAConfig), (64 bytes).
    Removing stm32f0xx_flash.o(i.FLASH_OB_WriteUser), (64 bytes).
    Removing stm32f0xx_flash.o(i.FLASH_PrefetchBufferCmd), (24 bytes).
    Removing stm32f0xx_flash.o(i.FLASH_ProgramHalfWord), (52 bytes).
    Removing stm32f0xx_flash.o(i.FLASH_ProgramOptionByteData), (56 bytes).
    Removing stm32f0xx_flash.o(i.FLASH_ProgramWord), (76 bytes).
    Removing stm32f0xx_flash.o(i.FLASH_SetLatency), (20 bytes).
    Removing stm32f0xx_flash.o(i.FLASH_Unlock), (32 bytes).
    Removing stm32f0xx_flash.o(i.FLASH_WaitForLastOperation), (34 bytes).
    Removing stm32f0xx_gpio.o(.emb_text), (8 bytes).
    Removing stm32f0xx_gpio.o(i.GPIO_DeInit), (96 bytes).
    Removing stm32f0xx_gpio.o(i.GPIO_PinLockConfig), (26 bytes).
    Removing stm32f0xx_gpio.o(i.GPIO_ReadInputData), (4 bytes).
    Removing stm32f0xx_gpio.o(i.GPIO_ReadInputDataBit), (14 bytes).
    Removing stm32f0xx_gpio.o(i.GPIO_ReadOutputData), (4 bytes).
    Removing stm32f0xx_gpio.o(i.GPIO_ReadOutputDataBit), (14 bytes).
    Removing stm32f0xx_gpio.o(i.GPIO_StructInit), (24 bytes).
    Removing stm32f0xx_gpio.o(i.GPIO_Write), (4 bytes).
    Removing stm32f0xx_gpio.o(i.GPIO_WriteBit), (12 bytes).
    Removing stm32f0xx_i2c.o(.emb_text), (8 bytes).
    Removing stm32f0xx_i2c.o(i.I2C_10BitAddressHeaderCmd), (20 bytes).
    Removing stm32f0xx_i2c.o(i.I2C_10BitAddressingModeCmd), (20 bytes).
    Removing stm32f0xx_i2c.o(i.I2C_AcknowledgeConfig), (20 bytes).
    Removing stm32f0xx_i2c.o(i.I2C_AutoEndCmd), (20 bytes).
    Removing stm32f0xx_i2c.o(i.I2C_CalculatePEC), (20 bytes).
    Removing stm32f0xx_i2c.o(i.I2C_ClearFlag), (4 bytes).
    Removing stm32f0xx_i2c.o(i.I2C_ClearITPendingBit), (4 bytes).
    Removing stm32f0xx_i2c.o(i.I2C_ClockTimeoutCmd), (20 bytes).
    Removing stm32f0xx_i2c.o(i.I2C_Cmd), (20 bytes).
    Removing stm32f0xx_i2c.o(i.I2C_DMACmd), (16 bytes).
    Removing stm32f0xx_i2c.o(i.I2C_DeInit), (40 bytes).
    Removing stm32f0xx_i2c.o(i.I2C_DualAddressCmd), (20 bytes).
    Removing stm32f0xx_i2c.o(i.I2C_ExtendedClockTimeoutCmd), (22 bytes).
    Removing stm32f0xx_i2c.o(i.I2C_GeneralCallCmd), (20 bytes).
    Removing stm32f0xx_i2c.o(i.I2C_GenerateSTART), (20 bytes).
    Removing stm32f0xx_i2c.o(i.I2C_GenerateSTOP), (20 bytes).
    Removing stm32f0xx_i2c.o(i.I2C_GetAddressMatched), (10 bytes).
    Removing stm32f0xx_i2c.o(i.I2C_GetFlagStatus), (14 bytes).
    Removing stm32f0xx_i2c.o(i.I2C_GetITStatus), (14 bytes).
    Removing stm32f0xx_i2c.o(i.I2C_GetPEC), (6 bytes).
    Removing stm32f0xx_i2c.o(i.I2C_GetTransferDirection), (18 bytes).
    Removing stm32f0xx_i2c.o(i.I2C_ITConfig), (16 bytes).
    Removing stm32f0xx_i2c.o(i.I2C_IdleClockTimeoutCmd), (20 bytes).
    Removing stm32f0xx_i2c.o(i.I2C_Init), (100 bytes).
    Removing stm32f0xx_i2c.o(i.I2C_MasterRequestConfig), (20 bytes).
    Removing stm32f0xx_i2c.o(i.I2C_NumberOfBytesConfig), (16 bytes).
    Removing stm32f0xx_i2c.o(i.I2C_OwnAddress2Config), (28 bytes).
    Removing stm32f0xx_i2c.o(i.I2C_PECRequestCmd), (20 bytes).
    Removing stm32f0xx_i2c.o(i.I2C_ReadRegister), (10 bytes).
    Removing stm32f0xx_i2c.o(i.I2C_ReceiveData), (6 bytes).
    Removing stm32f0xx_i2c.o(i.I2C_ReloadCmd), (20 bytes).
    Removing stm32f0xx_i2c.o(i.I2C_SMBusAlertCmd), (20 bytes).
    Removing stm32f0xx_i2c.o(i.I2C_SendData), (4 bytes).
    Removing stm32f0xx_i2c.o(i.I2C_SlaveAddressConfig), (16 bytes).
    Removing stm32f0xx_i2c.o(i.I2C_SlaveByteControlCmd), (20 bytes).
    Removing stm32f0xx_i2c.o(i.I2C_SoftwareResetCmd), (20 bytes).
    Removing stm32f0xx_i2c.o(i.I2C_StopModeCmd), (20 bytes).
    Removing stm32f0xx_i2c.o(i.I2C_StretchClockCmd), (20 bytes).
    Removing stm32f0xx_i2c.o(i.I2C_StructInit), (22 bytes).
    Removing stm32f0xx_i2c.o(i.I2C_TimeoutAConfig), (16 bytes).
    Removing stm32f0xx_i2c.o(i.I2C_TimeoutBConfig), (20 bytes).
    Removing stm32f0xx_i2c.o(i.I2C_TransferHandling), (32 bytes).
    Removing stm32f0xx_rcc.o(.emb_text), (8 bytes).
    Removing stm32f0xx_rcc.o(i.RCC_ADCCLKConfig), (44 bytes).
    Removing stm32f0xx_rcc.o(i.RCC_AHBPeriphResetCmd), (24 bytes).
    Removing stm32f0xx_rcc.o(i.RCC_APB1PeriphClockCmd), (24 bytes).
    Removing stm32f0xx_rcc.o(i.RCC_AdjustHSI14CalibrationValue), (20 bytes).
    Removing stm32f0xx_rcc.o(i.RCC_AdjustHSICalibrationValue), (20 bytes).
    Removing stm32f0xx_rcc.o(i.RCC_BackupResetCmd), (28 bytes).
    Removing stm32f0xx_rcc.o(i.RCC_CECCLKConfig), (24 bytes).
    Removing stm32f0xx_rcc.o(i.RCC_ClearFlag), (20 bytes).
    Removing stm32f0xx_rcc.o(i.RCC_ClearITPendingBit), (12 bytes).
    Removing stm32f0xx_rcc.o(i.RCC_ClockSecuritySystemCmd), (28 bytes).
    Removing stm32f0xx_rcc.o(i.RCC_DeInit), (92 bytes).
    Removing stm32f0xx_rcc.o(i.RCC_GetFlagStatus), (52 bytes).
    Removing stm32f0xx_rcc.o(i.RCC_GetITStatus), (20 bytes).
    Removing stm32f0xx_rcc.o(i.RCC_GetSYSCLKSource), (16 bytes).
    Removing stm32f0xx_rcc.o(i.RCC_HCLKConfig), (20 bytes).
    Removing stm32f0xx_rcc.o(i.RCC_HSEConfig), (16 bytes).
    Removing stm32f0xx_rcc.o(i.RCC_HSI14ADCRequestCmd), (24 bytes).
    Removing stm32f0xx_rcc.o(i.RCC_HSI14Cmd), (28 bytes).
    Removing stm32f0xx_rcc.o(i.RCC_HSICmd), (28 bytes).
    Removing stm32f0xx_rcc.o(i.RCC_I2CCLKConfig), (24 bytes).
    Removing stm32f0xx_rcc.o(i.RCC_ITConfig), (24 bytes).
    Removing stm32f0xx_rcc.o(i.RCC_LSEConfig), (32 bytes).
    Removing stm32f0xx_rcc.o(i.RCC_LSEDriveConfig), (24 bytes).
    Removing stm32f0xx_rcc.o(i.RCC_LSICmd), (28 bytes).
    Removing stm32f0xx_rcc.o(i.RCC_MCOConfig), (12 bytes).
    Removing stm32f0xx_rcc.o(i.RCC_PCLKConfig), (20 bytes).
    Removing stm32f0xx_rcc.o(i.RCC_PLLCmd), (28 bytes).
    Removing stm32f0xx_rcc.o(i.RCC_PLLConfig), (28 bytes).
    Removing stm32f0xx_rcc.o(i.RCC_PREDIV1Config), (20 bytes).
    Removing stm32f0xx_rcc.o(i.RCC_RTCCLKCmd), (28 bytes).
    Removing stm32f0xx_rcc.o(i.RCC_RTCCLKConfig), (16 bytes).
    Removing stm32f0xx_rcc.o(i.RCC_SYSCLKConfig), (20 bytes).
    Removing stm32f0xx_rcc.o(i.RCC_USARTCLKConfig), (24 bytes).
    Removing stm32f0xx_rcc.o(i.RCC_WaitForHSEStartUp), (44 bytes).
    Removing stm32f0xx_spi.o(.emb_text), (8 bytes).
    Removing stm32f0xx_spi.o(i.I2S_Cmd), (28 bytes).
    Removing stm32f0xx_spi.o(i.I2S_Init), (156 bytes).
    Removing stm32f0xx_spi.o(i.I2S_StructInit), (18 bytes).
    Removing stm32f0xx_spi.o(i.SPI_BiDirectionalLineConfig), (28 bytes).
    Removing stm32f0xx_spi.o(i.SPI_CRCLengthConfig), (20 bytes).
    Removing stm32f0xx_spi.o(i.SPI_CalculateCRC), (28 bytes).
    Removing stm32f0xx_spi.o(i.SPI_DataSizeConfig), (16 bytes).
    Removing stm32f0xx_spi.o(i.SPI_GetCRC), (12 bytes).
    Removing stm32f0xx_spi.o(i.SPI_GetCRCPolynomial), (4 bytes).
    Removing stm32f0xx_spi.o(i.SPI_GetReceptionFIFOStatus), (10 bytes).
    Removing stm32f0xx_spi.o(i.SPI_GetTransmissionFIFOStatus), (10 bytes).
    Removing stm32f0xx_spi.o(i.SPI_I2S_ClearFlag), (6 bytes).
    Removing stm32f0xx_spi.o(i.SPI_I2S_DMACmd), (16 bytes).
    Removing stm32f0xx_spi.o(i.SPI_I2S_GetFlagStatus), (14 bytes).
    Removing stm32f0xx_spi.o(i.SPI_I2S_GetITStatus), (42 bytes).
    Removing stm32f0xx_spi.o(i.SPI_I2S_ITConfig), (24 bytes).
    Removing stm32f0xx_spi.o(i.SPI_I2S_ReceiveData16), (4 bytes).
    Removing stm32f0xx_spi.o(i.SPI_I2S_SendData16), (4 bytes).
    Removing stm32f0xx_spi.o(i.SPI_LastDMATransferCmd), (20 bytes).
    Removing stm32f0xx_spi.o(i.SPI_NSSInternalSoftwareConfig), (28 bytes).
    Removing stm32f0xx_spi.o(i.SPI_NSSPulseModeCmd), (18 bytes).
    Removing stm32f0xx_spi.o(i.SPI_ReceiveData8), (4 bytes).
    Removing stm32f0xx_spi.o(i.SPI_RxFIFOThresholdConfig), (20 bytes).
    Removing stm32f0xx_spi.o(i.SPI_SSOutputCmd), (18 bytes).
    Removing stm32f0xx_spi.o(i.SPI_SendData8), (4 bytes).
    Removing stm32f0xx_spi.o(i.SPI_StructInit), (28 bytes).
    Removing stm32f0xx_spi.o(i.SPI_TIModeCmd), (18 bytes).
    Removing stm32f0xx_spi.o(i.SPI_TransmitCRC), (12 bytes).
    Removing stm32f0xx_tim.o(.emb_text), (8 bytes).
    Removing stm32f0xx_tim.o(i.TI1_Config), (40 bytes).
    Removing stm32f0xx_tim.o(i.TI2_Config), (48 bytes).
    Removing stm32f0xx_tim.o(i.TIM_ARRPreloadConfig), (18 bytes).
    Removing stm32f0xx_tim.o(i.TIM_BDTRConfig), (34 bytes).
    Removing stm32f0xx_tim.o(i.TIM_BDTRStructInit), (18 bytes).
    Removing stm32f0xx_tim.o(i.TIM_CCPreloadControl), (20 bytes).
    Removing stm32f0xx_tim.o(i.TIM_CCxCmd), (22 bytes).
    Removing stm32f0xx_tim.o(i.TIM_CCxNCmd), (22 bytes).
    Removing stm32f0xx_tim.o(i.TIM_ClearFlag), (6 bytes).
    Removing stm32f0xx_tim.o(i.TIM_ClearITPendingBit), (6 bytes).
    Removing stm32f0xx_tim.o(i.TIM_ClearOC1Ref), (12 bytes).
    Removing stm32f0xx_tim.o(i.TIM_ClearOC2Ref), (14 bytes).
    Removing stm32f0xx_tim.o(i.TIM_ClearOC3Ref), (12 bytes).
    Removing stm32f0xx_tim.o(i.TIM_ClearOC4Ref), (14 bytes).
    Removing stm32f0xx_tim.o(i.TIM_Cmd), (20 bytes).
    Removing stm32f0xx_tim.o(i.TIM_CounterModeConfig), (12 bytes).
    Removing stm32f0xx_tim.o(i.TIM_CtrlPWMOutputs), (24 bytes).
    Removing stm32f0xx_tim.o(i.TIM_DMACmd), (16 bytes).
    Removing stm32f0xx_tim.o(i.TIM_DMAConfig), (8 bytes).
    Removing stm32f0xx_tim.o(i.TIM_DeInit), (180 bytes).
    Removing stm32f0xx_tim.o(i.TIM_ETRClockMode1Config), (28 bytes).
    Removing stm32f0xx_tim.o(i.TIM_ETRClockMode2Config), (20 bytes).
    Removing stm32f0xx_tim.o(i.TIM_ETRConfig), (18 bytes).
    Removing stm32f0xx_tim.o(i.TIM_EncoderInterfaceConfig), (48 bytes).
    Removing stm32f0xx_tim.o(i.TIM_ForcedOC1Config), (12 bytes).
    Removing stm32f0xx_tim.o(i.TIM_ForcedOC2Config), (20 bytes).
    Removing stm32f0xx_tim.o(i.TIM_ForcedOC3Config), (12 bytes).
    Removing stm32f0xx_tim.o(i.TIM_ForcedOC4Config), (20 bytes).
    Removing stm32f0xx_tim.o(i.TIM_GenerateEvent), (4 bytes).
    Removing stm32f0xx_tim.o(i.TIM_GetCapture1), (4 bytes).
    Removing stm32f0xx_tim.o(i.TIM_GetCapture2), (4 bytes).
    Removing stm32f0xx_tim.o(i.TIM_GetCapture3), (4 bytes).
    Removing stm32f0xx_tim.o(i.TIM_GetCapture4), (4 bytes).
    Removing stm32f0xx_tim.o(i.TIM_GetCounter), (4 bytes).
    Removing stm32f0xx_tim.o(i.TIM_GetFlagStatus), (14 bytes).
    Removing stm32f0xx_tim.o(i.TIM_GetITStatus), (24 bytes).
    Removing stm32f0xx_tim.o(i.TIM_GetPrescaler), (4 bytes).
    Removing stm32f0xx_tim.o(i.TIM_ICInit), (184 bytes).
    Removing stm32f0xx_tim.o(i.TIM_ICStructInit), (16 bytes).
    Removing stm32f0xx_tim.o(i.TIM_ITConfig), (16 bytes).
    Removing stm32f0xx_tim.o(i.TIM_ITRxExternalClockConfig), (18 bytes).
    Removing stm32f0xx_tim.o(i.TIM_InternalClockConfig), (10 bytes).
    Removing stm32f0xx_tim.o(i.TIM_OC1FastConfig), (12 bytes).
    Removing stm32f0xx_tim.o(i.TIM_OC1Init), (124 bytes).
    Removing stm32f0xx_tim.o(i.TIM_OC1NPolarityConfig), (12 bytes).
    Removing stm32f0xx_tim.o(i.TIM_OC1PolarityConfig), (12 bytes).
    Removing stm32f0xx_tim.o(i.TIM_OC1PreloadConfig), (12 bytes).
    Removing stm32f0xx_tim.o(i.TIM_OC2FastConfig), (20 bytes).
    Removing stm32f0xx_tim.o(i.TIM_OC2Init), (124 bytes).
    Removing stm32f0xx_tim.o(i.TIM_OC2NPolarityConfig), (14 bytes).
    Removing stm32f0xx_tim.o(i.TIM_OC2PolarityConfig), (14 bytes).
    Removing stm32f0xx_tim.o(i.TIM_OC2PreloadConfig), (20 bytes).
    Removing stm32f0xx_tim.o(i.TIM_OC3FastConfig), (12 bytes).
    Removing stm32f0xx_tim.o(i.TIM_OC3Init), (136 bytes).
    Removing stm32f0xx_tim.o(i.TIM_OC3NPolarityConfig), (20 bytes).
    Removing stm32f0xx_tim.o(i.TIM_OC3PolarityConfig), (20 bytes).
    Removing stm32f0xx_tim.o(i.TIM_OC3PreloadConfig), (12 bytes).
    Removing stm32f0xx_tim.o(i.TIM_OC4FastConfig), (20 bytes).
    Removing stm32f0xx_tim.o(i.TIM_OC4Init), (100 bytes).
    Removing stm32f0xx_tim.o(i.TIM_OC4PolarityConfig), (20 bytes).
    Removing stm32f0xx_tim.o(i.TIM_OC4PreloadConfig), (20 bytes).
    Removing stm32f0xx_tim.o(i.TIM_OCStructInit), (20 bytes).
    Removing stm32f0xx_tim.o(i.TIM_PWMIConfig), (104 bytes).
    Removing stm32f0xx_tim.o(i.TIM_PrescalerConfig), (6 bytes).
    Removing stm32f0xx_tim.o(i.TIM_RemapConfig), (6 bytes).
    Removing stm32f0xx_tim.o(i.TIM_SelectCCDMA), (18 bytes).
    Removing stm32f0xx_tim.o(i.TIM_SelectCOM), (18 bytes).
    Removing stm32f0xx_tim.o(i.TIM_SelectHallSensor), (18 bytes).
    Removing stm32f0xx_tim.o(i.TIM_SelectInputTrigger), (12 bytes).
    Removing stm32f0xx_tim.o(i.TIM_SelectMasterSlaveMode), (16 bytes).
    Removing stm32f0xx_tim.o(i.TIM_SelectOCREFClear), (16 bytes).
    Removing stm32f0xx_tim.o(i.TIM_SelectOCxM), (70 bytes).
    Removing stm32f0xx_tim.o(i.TIM_SelectOnePulseMode), (16 bytes).
    Removing stm32f0xx_tim.o(i.TIM_SelectOutputTrigger), (16 bytes).
    Removing stm32f0xx_tim.o(i.TIM_SelectSlaveMode), (16 bytes).
    Removing stm32f0xx_tim.o(i.TIM_SetAutoreload), (4 bytes).
    Removing stm32f0xx_tim.o(i.TIM_SetClockDivision), (20 bytes).
    Removing stm32f0xx_tim.o(i.TIM_SetCompare1), (4 bytes).
    Removing stm32f0xx_tim.o(i.TIM_SetCompare2), (4 bytes).
    Removing stm32f0xx_tim.o(i.TIM_SetCompare3), (4 bytes).
    Removing stm32f0xx_tim.o(i.TIM_SetCompare4), (4 bytes).
    Removing stm32f0xx_tim.o(i.TIM_SetCounter), (4 bytes).
    Removing stm32f0xx_tim.o(i.TIM_SetIC1Prescaler), (16 bytes).
    Removing stm32f0xx_tim.o(i.TIM_SetIC2Prescaler), (24 bytes).
    Removing stm32f0xx_tim.o(i.TIM_SetIC3Prescaler), (16 bytes).
    Removing stm32f0xx_tim.o(i.TIM_SetIC4Prescaler), (24 bytes).
    Removing stm32f0xx_tim.o(i.TIM_TIxExternalClockConfig), (48 bytes).
    Removing stm32f0xx_tim.o(i.TIM_TimeBaseInit), (116 bytes).
    Removing stm32f0xx_tim.o(i.TIM_TimeBaseStructInit), (18 bytes).
    Removing stm32f0xx_tim.o(i.TIM_UpdateDisableConfig), (18 bytes).
    Removing stm32f0xx_tim.o(i.TIM_UpdateRequestConfig), (18 bytes).
    Removing startup_stm32f0xx.o(HEAP), (512 bytes).
    Removing hal_ble.o(.emb_text), (8 bytes).
    Removing hal_ble.o(i.read_ll_reg), (36 bytes).
    Removing hal_ble.o(i.wl1600_init), (64 bytes).
    Removing hal_ble.o(i.wl1600_read_reg), (46 bytes).
    Removing hal_ble.o(i.wl1600_write_reg), (44 bytes).
    Removing hal_ble.o(i.write_ll_reg), (28 bytes).
    Removing hal_ble.o(.constdata), (60 bytes).
    Removing hal_spi.o(.emb_text), (8 bytes).
    Removing hal_spi.o(i.BLE_SPI_CE_SetHigh), (16 bytes).
    Removing hal_spi.o(i.BLE_SPI_CE_SetLow), (16 bytes).
    Removing hal_spi.o(i.BLE_SPI_CS_Disable_), (16 bytes).
    Removing hal_spi.o(i.BLE_SPI_CS_Enable_), (16 bytes).
    Removing hal_spi.o(i.BLE_SPI_Config), (280 bytes).
    Removing hal_spi.o(i.BLE_SPI_Read), (20 bytes).
    Removing hal_spi.o(i.BLE_SPI_Write), (24 bytes).
    Removing hal_spi.o(i.BLE_SPI_WriteRead), (40 bytes).
    Removing hal_spi.o(i.hal_spi_init), (8 bytes).
    Removing sys_delay.o(.emb_text), (8 bytes).
    Removing sys_delay.o(i.delay_init), (48 bytes).
    Removing sys_delay.o(i.delay_ms), (52 bytes).
    Removing sys_delay.o(i.delay_us), (52 bytes).
    Removing sys_delay.o(.data), (4 bytes).

410 unused section(s) (total 12368 bytes) removed from the image.

==============================================================================

Image Symbol Table

    Local Symbols

    Symbol Name                              Value     Ov Type        Size  Object(Section)

    ../clib/microlib/division.c              0x00000000   Number         0  uidiv.o ABSOLUTE
    ../clib/microlib/init/entry.s            0x00000000   Number         0  entry9b.o ABSOLUTE
    ../clib/microlib/init/entry.s            0x00000000   Number         0  entry11b.o ABSOLUTE
    ../clib/microlib/init/entry.s            0x00000000   Number         0  entry11a.o ABSOLUTE
    ../clib/microlib/init/entry.s            0x00000000   Number         0  entry10b.o ABSOLUTE
    ../clib/microlib/init/entry.s            0x00000000   Number         0  entry10a.o ABSOLUTE
    ../clib/microlib/init/entry.s            0x00000000   Number         0  entry8b.o ABSOLUTE
    ../clib/microlib/init/entry.s            0x00000000   Number         0  entry8a.o ABSOLUTE
    ../clib/microlib/init/entry.s            0x00000000   Number         0  entry7b.o ABSOLUTE
    ../clib/microlib/init/entry.s            0x00000000   Number         0  entry7a.o ABSOLUTE
    ../clib/microlib/init/entry.s            0x00000000   Number         0  entry5.o ABSOLUTE
    ../clib/microlib/init/entry.s            0x00000000   Number         0  entry2.o ABSOLUTE
    ../clib/microlib/init/entry.s            0x00000000   Number         0  entry9a.o ABSOLUTE
    ../clib/microlib/init/entry.s            0x00000000   Number         0  entry.o ABSOLUTE
    ../clib/microlib/string/memcpy.c         0x00000000   Number         0  memcpya.o ABSOLUTE
    ../clib/microlib/string/memcpy.c         0x00000000   Number         0  memcpyb.o ABSOLUTE
    ..\..\..\Libraries\CMSIS\ST\STM32F0xx\Source\Templates\arm\startup_stm32f0xx.s 0x00000000   Number         0  startup_stm32f0xx.o ABSOLUTE
    ..\..\..\Libraries\STM32F0xx_StdPeriph_Driver\src\stm32f0xx_adc.c 0x00000000   Number         0  stm32f0xx_adc.o ABSOLUTE
    ..\..\..\Libraries\STM32F0xx_StdPeriph_Driver\src\stm32f0xx_dac.c 0x00000000   Number         0  stm32f0xx_dac.o ABSOLUTE
    ..\..\..\Libraries\STM32F0xx_StdPeriph_Driver\src\stm32f0xx_dma.c 0x00000000   Number         0  stm32f0xx_dma.o ABSOLUTE
    ..\..\..\Libraries\STM32F0xx_StdPeriph_Driver\src\stm32f0xx_exti.c 0x00000000   Number         0  stm32f0xx_exti.o ABSOLUTE
    ..\..\..\Libraries\STM32F0xx_StdPeriph_Driver\src\stm32f0xx_flash.c 0x00000000   Number         0  stm32f0xx_flash.o ABSOLUTE
    ..\..\..\Libraries\STM32F0xx_StdPeriph_Driver\src\stm32f0xx_gpio.c 0x00000000   Number         0  stm32f0xx_gpio.o ABSOLUTE
    ..\..\..\Libraries\STM32F0xx_StdPeriph_Driver\src\stm32f0xx_i2c.c 0x00000000   Number         0  stm32f0xx_i2c.o ABSOLUTE
    ..\..\..\Libraries\STM32F0xx_StdPeriph_Driver\src\stm32f0xx_misc.c 0x00000000   Number         0  stm32f0xx_misc.o ABSOLUTE
    ..\..\..\Libraries\STM32F0xx_StdPeriph_Driver\src\stm32f0xx_rcc.c 0x00000000   Number         0  stm32f0xx_rcc.o ABSOLUTE
    ..\..\..\Libraries\STM32F0xx_StdPeriph_Driver\src\stm32f0xx_spi.c 0x00000000   Number         0  stm32f0xx_spi.o ABSOLUTE
    ..\..\..\Libraries\STM32F0xx_StdPeriph_Driver\src\stm32f0xx_syscfg.c 0x00000000   Number         0  stm32f0xx_syscfg.o ABSOLUTE
    ..\..\..\Libraries\STM32F0xx_StdPeriph_Driver\src\stm32f0xx_tim.c 0x00000000   Number         0  stm32f0xx_tim.o ABSOLUTE
    ..\..\..\Utilities\STM32F0-Discovery\stm32f0_discovery.c 0x00000000   Number         0  stm32f0_discovery.o ABSOLUTE
    ..\BLE_Stack\src\hal_ble.c               0x00000000   Number         0  hal_ble.o ABSOLUTE
    ..\BLE_Stack\src\hal_spi.c               0x00000000   Number         0  hal_spi.o ABSOLUTE
    ..\BLE_Stack\src\sys_delay.c             0x00000000   Number         0  sys_delay.o ABSOLUTE
    ..\\..\\..\\Libraries\\STM32F0xx_StdPeriph_Driver\\src\\stm32f0xx_adc.c 0x00000000   Number         0  stm32f0xx_adc.o ABSOLUTE
    ..\\..\\..\\Libraries\\STM32F0xx_StdPeriph_Driver\\src\\stm32f0xx_dac.c 0x00000000   Number         0  stm32f0xx_dac.o ABSOLUTE
    ..\\..\\..\\Libraries\\STM32F0xx_StdPeriph_Driver\\src\\stm32f0xx_dma.c 0x00000000   Number         0  stm32f0xx_dma.o ABSOLUTE
    ..\\..\\..\\Libraries\\STM32F0xx_StdPeriph_Driver\\src\\stm32f0xx_exti.c 0x00000000   Number         0  stm32f0xx_exti.o ABSOLUTE
    ..\\..\\..\\Libraries\\STM32F0xx_StdPeriph_Driver\\src\\stm32f0xx_flash.c 0x00000000   Number         0  stm32f0xx_flash.o ABSOLUTE
    ..\\..\\..\\Libraries\\STM32F0xx_StdPeriph_Driver\\src\\stm32f0xx_gpio.c 0x00000000   Number         0  stm32f0xx_gpio.o ABSOLUTE
    ..\\..\\..\\Libraries\\STM32F0xx_StdPeriph_Driver\\src\\stm32f0xx_i2c.c 0x00000000   Number         0  stm32f0xx_i2c.o ABSOLUTE
    ..\\..\\..\\Libraries\\STM32F0xx_StdPeriph_Driver\\src\\stm32f0xx_misc.c 0x00000000   Number         0  stm32f0xx_misc.o ABSOLUTE
    ..\\..\\..\\Libraries\\STM32F0xx_StdPeriph_Driver\\src\\stm32f0xx_rcc.c 0x00000000   Number         0  stm32f0xx_rcc.o ABSOLUTE
    ..\\..\\..\\Libraries\\STM32F0xx_StdPeriph_Driver\\src\\stm32f0xx_spi.c 0x00000000   Number         0  stm32f0xx_spi.o ABSOLUTE
    ..\\..\\..\\Libraries\\STM32F0xx_StdPeriph_Driver\\src\\stm32f0xx_syscfg.c 0x00000000   Number         0  stm32f0xx_syscfg.o ABSOLUTE
    ..\\..\\..\\Libraries\\STM32F0xx_StdPeriph_Driver\\src\\stm32f0xx_tim.c 0x00000000   Number         0  stm32f0xx_tim.o ABSOLUTE
    ..\\..\\..\\Utilities\\STM32F0-Discovery\\stm32f0_discovery.c 0x00000000   Number         0  stm32f0_discovery.o ABSOLUTE
    ..\\BLE_Stack\\src\\hal_ble.c            0x00000000   Number         0  hal_ble.o ABSOLUTE
    ..\\BLE_Stack\\src\\hal_spi.c            0x00000000   Number         0  hal_spi.o ABSOLUTE
    ..\\BLE_Stack\\src\\sys_delay.c          0x00000000   Number         0  sys_delay.o ABSOLUTE
    ..\\cms_24g.c                            0x00000000   Number         0  cms_24g.o ABSOLUTE
    ..\\cms_24g2.c                           0x00000000   Number         0  cms_24g2.o ABSOLUTE
    ..\\cms_spi.c                            0x00000000   Number         0  cms_spi.o ABSOLUTE
    ..\\main.c                               0x00000000   Number         0  main.o ABSOLUTE
    ..\\stm32f0xx_it.c                       0x00000000   Number         0  stm32f0xx_it.o ABSOLUTE
    ..\\system_stm32f0xx.c                   0x00000000   Number         0  system_stm32f0xx.o ABSOLUTE
    ..\cms_24g.c                             0x00000000   Number         0  cms_24g.o ABSOLUTE
    ..\cms_24g2.c                            0x00000000   Number         0  cms_24g2.o ABSOLUTE
    ..\cms_spi.c                             0x00000000   Number         0  cms_spi.o ABSOLUTE
    ..\main.c                                0x00000000   Number         0  main.o ABSOLUTE
    ..\stm32f0xx_it.c                        0x00000000   Number         0  stm32f0xx_it.o ABSOLUTE
    ..\system_stm32f0xx.c                    0x00000000   Number         0  system_stm32f0xx.o ABSOLUTE
    dc.s                                     0x00000000   Number         0  dc.o ABSOLUTE
    handlers.s                               0x00000000   Number         0  handlers.o ABSOLUTE
    init.s                                   0x00000000   Number         0  init.o ABSOLUTE
    RESET                                    0x08000000   Section      192  startup_stm32f0xx.o(RESET)
    .ARM.Collect$$$$00000000                 0x080000c0   Section        0  entry.o(.ARM.Collect$$$$00000000)
    .ARM.Collect$$$$00000001                 0x080000c0   Section        4  entry2.o(.ARM.Collect$$$$00000001)
    .ARM.Collect$$$$00000004                 0x080000c4   Section        4  entry5.o(.ARM.Collect$$$$00000004)
    .ARM.Collect$$$$00000008                 0x080000c8   Section        0  entry7b.o(.ARM.Collect$$$$00000008)
    .ARM.Collect$$$$0000000A                 0x080000c8   Section        0  entry8b.o(.ARM.Collect$$$$0000000A)
    .ARM.Collect$$$$0000000B                 0x080000c8   Section        8  entry9a.o(.ARM.Collect$$$$0000000B)
    .ARM.Collect$$$$0000000D                 0x080000d0   Section        0  entry10a.o(.ARM.Collect$$$$0000000D)
    .ARM.Collect$$$$0000000F                 0x080000d0   Section        0  entry11a.o(.ARM.Collect$$$$0000000F)
    .ARM.Collect$$$$00002712                 0x080000d0   Section        4  entry2.o(.ARM.Collect$$$$00002712)
    __lit__00000000                          0x080000d0   Data           4  entry2.o(.ARM.Collect$$$$00002712)
    .text                                    0x080000d4   Section       28  startup_stm32f0xx.o(.text)
    .text                                    0x080000f0   Section        0  uidiv.o(.text)
    .text                                    0x0800011c   Section       36  init.o(.text)
    i.EXTI0_1_IRQHandler                     0x08000140   Section        0  stm32f0xx_it.o(i.EXTI0_1_IRQHandler)
    i.EXTI_ClearITPendingBit                 0x08000150   Section        0  stm32f0xx_exti.o(i.EXTI_ClearITPendingBit)
    i.EXTI_GetITStatus                       0x0800015c   Section        0  stm32f0xx_exti.o(i.EXTI_GetITStatus)
    i.GPIO_Init                              0x08000178   Section        0  stm32f0xx_gpio.o(i.GPIO_Init)
    i.GPIO_PinAFConfig                       0x080001e8   Section        0  stm32f0xx_gpio.o(i.GPIO_PinAFConfig)
    i.GPIO_ResetBits                         0x08000208   Section        0  stm32f0xx_gpio.o(i.GPIO_ResetBits)
    i.GPIO_SetBits                           0x0800020c   Section        0  stm32f0xx_gpio.o(i.GPIO_SetBits)
    i.HardFault_Handler                      0x08000210   Section        0  stm32f0xx_it.o(i.HardFault_Handler)
    i.NMI_Handler                            0x08000212   Section        0  stm32f0xx_it.o(i.NMI_Handler)
    i.PendSV_Handler                         0x08000214   Section        0  stm32f0xx_it.o(i.PendSV_Handler)
    i.RCC_AHBPeriphClockCmd                  0x08000218   Section        0  stm32f0xx_rcc.o(i.RCC_AHBPeriphClockCmd)
    i.RCC_APB1PeriphResetCmd                 0x08000230   Section        0  stm32f0xx_rcc.o(i.RCC_APB1PeriphResetCmd)
    i.RCC_APB2PeriphClockCmd                 0x08000248   Section        0  stm32f0xx_rcc.o(i.RCC_APB2PeriphClockCmd)
    i.RCC_APB2PeriphResetCmd                 0x08000260   Section        0  stm32f0xx_rcc.o(i.RCC_APB2PeriphResetCmd)
    i.RCC_GetClocksFreq                      0x08000278   Section        0  stm32f0xx_rcc.o(i.RCC_GetClocksFreq)
    i.SPI_Cmd                                0x08000360   Section        0  stm32f0xx_spi.o(i.SPI_Cmd)
    i.SPI_Config                             0x08000374   Section        0  cms_spi.o(i.SPI_Config)
    SPI_Config                               0x08000375   Thumb Code   268  cms_spi.o(i.SPI_Config)
    i.SPI_I2S_DeInit                         0x0800048c   Section        0  stm32f0xx_spi.o(i.SPI_I2S_DeInit)
    i.SPI_Init                               0x080004cc   Section        0  stm32f0xx_spi.o(i.SPI_Init)
    i.SVC_Handler                            0x08000520   Section        0  stm32f0xx_it.o(i.SVC_Handler)
    i.SysTick_Config                         0x08000524   Section        0  main.o(i.SysTick_Config)
    SysTick_Config                           0x08000525   Thumb Code    48  main.o(i.SysTick_Config)
    i.SysTick_Handler                        0x08000560   Section        0  stm32f0xx_it.o(i.SysTick_Handler)
    i.SystemInit                             0x08000568   Section        0  system_stm32f0xx.o(i.SystemInit)
    i.TimingDelay_Decrement                  0x080005fc   Section        0  main.o(i.TimingDelay_Decrement)
    i.__scatterload_copy                     0x08000610   Section       14  handlers.o(i.__scatterload_copy)
    i.__scatterload_null                     0x0800061e   Section        2  handlers.o(i.__scatterload_null)
    i.__scatterload_zeroinit                 0x08000620   Section       14  handlers.o(i.__scatterload_zeroinit)
    i.cms_spi_init                           0x0800062e   Section        0  cms_spi.o(i.cms_spi_init)
    i.main                                   0x08000636   Section        0  main.o(i.main)
    .data                                    0x20000000   Section       82  main.o(.data)
    TimingDelay                              0x20000008   Data           4  main.o(.data)
    .data                                    0x20000052   Section       16  stm32f0xx_rcc.o(.data)
    APBAHBPrescTable                         0x20000052   Data          16  stm32f0xx_rcc.o(.data)
    .bss                                     0x20000064   Section       36  cms_spi.o(.bss)
    STACK                                    0x20000088   Section     1024  startup_stm32f0xx.o(STACK)

    Global Symbols

    Symbol Name                              Value     Ov Type        Size  Object(Section)

    BuildAttributes$$THM_ISAv3M$S$PE$A:L22$X:L11$S22$IEEE1$IW$USESV6$~STKCKD$USESV7$~SHL$OSPACE$EBA8$MICROLIB$REQ8$PRES8$EABIv2 0x00000000   Number         0  anon$$obj.o ABSOLUTE
    __ARM_use_no_argv                        0x00000000   Number         0  main.o ABSOLUTE
    __cpp_initialize__aeabi_                  - Undefined Weak Reference
    __cxa_finalize                            - Undefined Weak Reference
    __decompress                              - Undefined Weak Reference
    _clock_init                               - Undefined Weak Reference
    _microlib_exit                            - Undefined Weak Reference
    __Vectors_Size                           0x000000c0   Number         0  startup_stm32f0xx.o ABSOLUTE
    __Vectors                                0x08000000   Data           4  startup_stm32f0xx.o(RESET)
    __Vectors_End                            0x080000c0   Data           0  startup_stm32f0xx.o(RESET)
    __main                                   0x080000c1   Thumb Code     0  entry.o(.ARM.Collect$$$$00000000)
    _main_stk                                0x080000c1   Thumb Code     0  entry2.o(.ARM.Collect$$$$00000001)
    _main_scatterload                        0x080000c5   Thumb Code     0  entry5.o(.ARM.Collect$$$$00000004)
    __main_after_scatterload                 0x080000c9   Thumb Code     0  entry5.o(.ARM.Collect$$$$00000004)
    _main_clock                              0x080000c9   Thumb Code     0  entry7b.o(.ARM.Collect$$$$00000008)
    _main_cpp_init                           0x080000c9   Thumb Code     0  entry8b.o(.ARM.Collect$$$$0000000A)
    _main_init                               0x080000c9   Thumb Code     0  entry9a.o(.ARM.Collect$$$$0000000B)
    __rt_final_cpp                           0x080000d1   Thumb Code     0  entry10a.o(.ARM.Collect$$$$0000000D)
    __rt_final_exit                          0x080000d1   Thumb Code     0  entry11a.o(.ARM.Collect$$$$0000000F)
    Reset_Handler                            0x080000d5   Thumb Code     8  startup_stm32f0xx.o(.text)
    ADC1_COMP_IRQHandler                     0x080000e7   Thumb Code     0  startup_stm32f0xx.o(.text)
    CEC_IRQHandler                           0x080000e7   Thumb Code     0  startup_stm32f0xx.o(.text)
    DMA1_Channel1_IRQHandler                 0x080000e7   Thumb Code     0  startup_stm32f0xx.o(.text)
    DMA1_Channel2_3_IRQHandler               0x080000e7   Thumb Code     0  startup_stm32f0xx.o(.text)
    DMA1_Channel4_5_IRQHandler               0x080000e7   Thumb Code     0  startup_stm32f0xx.o(.text)
    EXTI2_3_IRQHandler                       0x080000e7   Thumb Code     0  startup_stm32f0xx.o(.text)
    EXTI4_15_IRQHandler                      0x080000e7   Thumb Code     0  startup_stm32f0xx.o(.text)
    FLASH_IRQHandler                         0x080000e7   Thumb Code     0  startup_stm32f0xx.o(.text)
    I2C1_IRQHandler                          0x080000e7   Thumb Code     0  startup_stm32f0xx.o(.text)
    I2C2_IRQHandler                          0x080000e7   Thumb Code     0  startup_stm32f0xx.o(.text)
    PVD_IRQHandler                           0x080000e7   Thumb Code     0  startup_stm32f0xx.o(.text)
    RCC_IRQHandler                           0x080000e7   Thumb Code     0  startup_stm32f0xx.o(.text)
    RTC_IRQHandler                           0x080000e7   Thumb Code     0  startup_stm32f0xx.o(.text)
    SPI1_IRQHandler                          0x080000e7   Thumb Code     0  startup_stm32f0xx.o(.text)
    SPI2_IRQHandler                          0x080000e7   Thumb Code     0  startup_stm32f0xx.o(.text)
    TIM14_IRQHandler                         0x080000e7   Thumb Code     0  startup_stm32f0xx.o(.text)
    TIM15_IRQHandler                         0x080000e7   Thumb Code     0  startup_stm32f0xx.o(.text)
    TIM16_IRQHandler                         0x080000e7   Thumb Code     0  startup_stm32f0xx.o(.text)
    TIM17_IRQHandler                         0x080000e7   Thumb Code     0  startup_stm32f0xx.o(.text)
    TIM1_BRK_UP_TRG_COM_IRQHandler           0x080000e7   Thumb Code     0  startup_stm32f0xx.o(.text)
    TIM1_CC_IRQHandler                       0x080000e7   Thumb Code     0  startup_stm32f0xx.o(.text)
    TIM2_IRQHandler                          0x080000e7   Thumb Code     0  startup_stm32f0xx.o(.text)
    TIM3_IRQHandler                          0x080000e7   Thumb Code     0  startup_stm32f0xx.o(.text)
    TIM6_DAC_IRQHandler                      0x080000e7   Thumb Code     0  startup_stm32f0xx.o(.text)
    TS_IRQHandler                            0x080000e7   Thumb Code     0  startup_stm32f0xx.o(.text)
    USART1_IRQHandler                        0x080000e7   Thumb Code     0  startup_stm32f0xx.o(.text)
    USART2_IRQHandler                        0x080000e7   Thumb Code     0  startup_stm32f0xx.o(.text)
    WWDG_IRQHandler                          0x080000e7   Thumb Code     0  startup_stm32f0xx.o(.text)
    __aeabi_uidiv                            0x080000f1   Thumb Code     0  uidiv.o(.text)
    __aeabi_uidivmod                         0x080000f1   Thumb Code    44  uidiv.o(.text)
    __scatterload                            0x0800011d   Thumb Code    28  init.o(.text)
    __scatterload_rt2                        0x0800011d   Thumb Code     0  init.o(.text)
    EXTI0_1_IRQHandler                       0x08000141   Thumb Code    16  stm32f0xx_it.o(i.EXTI0_1_IRQHandler)
    EXTI_ClearITPendingBit                   0x08000151   Thumb Code     6  stm32f0xx_exti.o(i.EXTI_ClearITPendingBit)
    EXTI_GetITStatus                         0x0800015d   Thumb Code    24  stm32f0xx_exti.o(i.EXTI_GetITStatus)
    GPIO_Init                                0x08000179   Thumb Code   112  stm32f0xx_gpio.o(i.GPIO_Init)
    GPIO_PinAFConfig                         0x080001e9   Thumb Code    32  stm32f0xx_gpio.o(i.GPIO_PinAFConfig)
    GPIO_ResetBits                           0x08000209   Thumb Code     4  stm32f0xx_gpio.o(i.GPIO_ResetBits)
    GPIO_SetBits                             0x0800020d   Thumb Code     4  stm32f0xx_gpio.o(i.GPIO_SetBits)
    HardFault_Handler                        0x08000211   Thumb Code     2  stm32f0xx_it.o(i.HardFault_Handler)
    NMI_Handler                              0x08000213   Thumb Code     2  stm32f0xx_it.o(i.NMI_Handler)
    PendSV_Handler                           0x08000215   Thumb Code     2  stm32f0xx_it.o(i.PendSV_Handler)
    RCC_AHBPeriphClockCmd                    0x08000219   Thumb Code    18  stm32f0xx_rcc.o(i.RCC_AHBPeriphClockCmd)
    RCC_APB1PeriphResetCmd                   0x08000231   Thumb Code    18  stm32f0xx_rcc.o(i.RCC_APB1PeriphResetCmd)
    RCC_APB2PeriphClockCmd                   0x08000249   Thumb Code    18  stm32f0xx_rcc.o(i.RCC_APB2PeriphClockCmd)
    RCC_APB2PeriphResetCmd                   0x08000261   Thumb Code    18  stm32f0xx_rcc.o(i.RCC_APB2PeriphResetCmd)
    RCC_GetClocksFreq                        0x08000279   Thumb Code   208  stm32f0xx_rcc.o(i.RCC_GetClocksFreq)
    SPI_Cmd                                  0x08000361   Thumb Code    18  stm32f0xx_spi.o(i.SPI_Cmd)
    SPI_I2S_DeInit                           0x0800048d   Thumb Code    54  stm32f0xx_spi.o(i.SPI_I2S_DeInit)
    SPI_Init                                 0x080004cd   Thumb Code    74  stm32f0xx_spi.o(i.SPI_Init)
    SVC_Handler                              0x08000521   Thumb Code     2  stm32f0xx_it.o(i.SVC_Handler)
    SysTick_Handler                          0x08000561   Thumb Code     8  stm32f0xx_it.o(i.SysTick_Handler)
    SystemInit                               0x08000569   Thumb Code   132  system_stm32f0xx.o(i.SystemInit)
    TimingDelay_Decrement                    0x080005fd   Thumb Code    16  main.o(i.TimingDelay_Decrement)
    __scatterload_copy                       0x08000611   Thumb Code    14  handlers.o(i.__scatterload_copy)
    __scatterload_null                       0x0800061f   Thumb Code     2  handlers.o(i.__scatterload_null)
    __scatterload_zeroinit                   0x08000621   Thumb Code    14  handlers.o(i.__scatterload_zeroinit)
    cms_spi_init                             0x0800062f   Thumb Code     8  cms_spi.o(i.cms_spi_init)
    main                                     0x08000637   Thumb Code    28  main.o(i.main)
    Region$$Table$$Base                      0x08000654   Number         0  anon$$obj.o(Region$$Table)
    Region$$Table$$Limit                     0x08000674   Number         0  anon$$obj.o(Region$$Table)
    test_crc                                 0x20000000   Data           3  main.o(.data)
    test_ble_type                            0x20000003   Data           3  main.o(.data)
    mac_address                              0x2000000c   Data           6  main.o(.data)
    whitening_reg                            0x20000012   Data           7  main.o(.data)
    test_Menufacture_Data                    0x20000019   Data           7  main.o(.data)
    ADV_DATA                                 0x20000020   Data          50  main.o(.data)
    SPI_InitStructure                        0x20000064   Data          18  cms_spi.o(.bss)
    SPI_InitStructure2                       0x20000076   Data          18  cms_spi.o(.bss)
    __initial_sp                             0x20000488   Data           0  startup_stm32f0xx.o(STACK)



==============================================================================

Memory Map of the image

  Image Entry point : 0x080000c1

  Load Region LR_IROM1 (Base: 0x08000000, Size: 0x000006d8, Max: 0x00010000, ABSOLUTE)

    Execution Region ER_IROM1 (Base: 0x08000000, Size: 0x00000674, Max: 0x00010000, ABSOLUTE)

    Base Addr    Size         Type   Attr      Idx    E Section Name        Object

    0x08000000   0x000000c0   Data   RO         2712    RESET               startup_stm32f0xx.o
    0x080000c0   0x00000000   Code   RO         2868  * .ARM.Collect$$$$00000000  mc_p.l(entry.o)
    0x080000c0   0x00000004   Code   RO         2877    .ARM.Collect$$$$00000001  mc_p.l(entry2.o)
    0x080000c4   0x00000004   Code   RO         2880    .ARM.Collect$$$$00000004  mc_p.l(entry5.o)
    0x080000c8   0x00000000   Code   RO         2882    .ARM.Collect$$$$00000008  mc_p.l(entry7b.o)
    0x080000c8   0x00000000   Code   RO         2884    .ARM.Collect$$$$0000000A  mc_p.l(entry8b.o)
    0x080000c8   0x00000008   Code   RO         2885    .ARM.Collect$$$$0000000B  mc_p.l(entry9a.o)
    0x080000d0   0x00000000   Code   RO         2887    .ARM.Collect$$$$0000000D  mc_p.l(entry10a.o)
    0x080000d0   0x00000000   Code   RO         2889    .ARM.Collect$$$$0000000F  mc_p.l(entry11a.o)
    0x080000d0   0x00000004   Code   RO         2878    .ARM.Collect$$$$00002712  mc_p.l(entry2.o)
    0x080000d4   0x0000001c   Code   RO         2713    .text               startup_stm32f0xx.o
    0x080000f0   0x0000002c   Code   RO         2871    .text               mc_p.l(uidiv.o)
    0x0800011c   0x00000024   Code   RO         2891    .text               mc_p.l(init.o)
    0x08000140   0x00000010   Code   RO          251    i.EXTI0_1_IRQHandler  stm32f0xx_it.o
    0x08000150   0x0000000c   Code   RO         1109    i.EXTI_ClearITPendingBit  stm32f0xx_exti.o
    0x0800015c   0x0000001c   Code   RO         1113    i.EXTI_GetITStatus  stm32f0xx_exti.o
    0x08000178   0x00000070   Code   RO         1356    i.GPIO_Init         stm32f0xx_gpio.o
    0x080001e8   0x00000020   Code   RO         1357    i.GPIO_PinAFConfig  stm32f0xx_gpio.o
    0x08000208   0x00000004   Code   RO         1363    i.GPIO_ResetBits    stm32f0xx_gpio.o
    0x0800020c   0x00000004   Code   RO         1364    i.GPIO_SetBits      stm32f0xx_gpio.o
    0x08000210   0x00000002   Code   RO          252    i.HardFault_Handler  stm32f0xx_it.o
    0x08000212   0x00000002   Code   RO          253    i.NMI_Handler       stm32f0xx_it.o
    0x08000214   0x00000002   Code   RO          254    i.PendSV_Handler    stm32f0xx_it.o
    0x08000216   0x00000002   PAD
    0x08000218   0x00000018   Code   RO         1712    i.RCC_AHBPeriphClockCmd  stm32f0xx_rcc.o
    0x08000230   0x00000018   Code   RO         1715    i.RCC_APB1PeriphResetCmd  stm32f0xx_rcc.o
    0x08000248   0x00000018   Code   RO         1716    i.RCC_APB2PeriphClockCmd  stm32f0xx_rcc.o
    0x08000260   0x00000018   Code   RO         1717    i.RCC_APB2PeriphResetCmd  stm32f0xx_rcc.o
    0x08000278   0x000000e8   Code   RO         1726    i.RCC_GetClocksFreq  stm32f0xx_rcc.o
    0x08000360   0x00000012   Code   RO         1966    i.SPI_Cmd           stm32f0xx_spi.o
    0x08000372   0x00000002   PAD
    0x08000374   0x00000118   Code   RO          313    i.SPI_Config        cms_spi.o
    0x0800048c   0x00000040   Code   RO         1974    i.SPI_I2S_DeInit    stm32f0xx_spi.o
    0x080004cc   0x00000054   Code   RO         1980    i.SPI_Init          stm32f0xx_spi.o
    0x08000520   0x00000002   Code   RO          255    i.SVC_Handler       stm32f0xx_it.o
    0x08000522   0x00000002   PAD
    0x08000524   0x0000003c   Code   RO          113    i.SysTick_Config    main.o
    0x08000560   0x00000008   Code   RO          256    i.SysTick_Handler   stm32f0xx_it.o
    0x08000568   0x00000094   Code   RO            3    i.SystemInit        system_stm32f0xx.o
    0x080005fc   0x00000014   Code   RO          114    i.TimingDelay_Decrement  main.o
    0x08000610   0x0000000e   Code   RO         2895    i.__scatterload_copy  mc_p.l(handlers.o)
    0x0800061e   0x00000002   Code   RO         2896    i.__scatterload_null  mc_p.l(handlers.o)
    0x08000620   0x0000000e   Code   RO         2897    i.__scatterload_zeroinit  mc_p.l(handlers.o)
    0x0800062e   0x00000008   Code   RO          318    i.cms_spi_init      cms_spi.o
    0x08000636   0x0000001c   Code   RO          121    i.main              main.o
    0x08000652   0x00000002   PAD
    0x08000654   0x00000020   Data   RO         2893    Region$$Table       anon$$obj.o


    Execution Region RW_IRAM1 (Base: 0x20000000, Size: 0x00000488, Max: 0x00002000, ABSOLUTE)

    Base Addr    Size         Type   Attr      Idx    E Section Name        Object

    0x20000000   0x00000052   Data   RW          127    .data               main.o
    0x20000052   0x00000010   Data   RW         1750    .data               stm32f0xx_rcc.o
    0x20000062   0x00000002   PAD
    0x20000064   0x00000024   Zero   RW          319    .bss                cms_spi.o
    0x20000088   0x00000400   Zero   RW         2710    STACK               startup_stm32f0xx.o


==============================================================================

Image component sizes


      Code (inc. data)   RO Data    RW Data    ZI Data      Debug   Object Name

       288         12          0          0         36       1915   cms_spi.o
       108         16          0         82          0      92234   main.o
        28          8        192          0       1024        736   startup_stm32f0xx.o
        40         10          0          0          0       1236   stm32f0xx_exti.o
       152          0          0          0          0       7527   stm32f0xx_gpio.o
        32          0          0          0          0       2664   stm32f0xx_it.o
       328         48          0         16          0      14759   stm32f0xx_rcc.o
       166         20          0          0          0      11466   stm32f0xx_spi.o
       148         16          0          0          0     112613   system_stm32f0xx.o

    ----------------------------------------------------------------------
      1298        130        224        100       1060     245150   Object Totals
         0          0         32          0          0          0   (incl. Generated)
         8          0          0          2          0          0   (incl. Padding)

    ----------------------------------------------------------------------

      Code (inc. data)   RO Data    RW Data    ZI Data      Debug   Library Member Name

         0          0          0          0          0          0   entry.o
         0          0          0          0          0          0   entry10a.o
         0          0          0          0          0          0   entry11a.o
         8          4          0          0          0          0   entry2.o
         4          0          0          0          0          0   entry5.o
         0          0          0          0          0          0   entry7b.o
         0          0          0          0          0          0   entry8b.o
         8          4          0          0          0          0   entry9a.o
        30          0          0          0          0          0   handlers.o
        36          8          0          0          0         68   init.o
        44          0          0          0          0         72   uidiv.o

    ----------------------------------------------------------------------
       130         16          0          0          0        140   Library Totals
         0          0          0          0          0          0   (incl. Padding)

    ----------------------------------------------------------------------

      Code (inc. data)   RO Data    RW Data    ZI Data      Debug   Library Name

       130         16          0          0          0        140   mc_p.l

    ----------------------------------------------------------------------
       130         16          0          0          0        140   Library Totals

    ----------------------------------------------------------------------

==============================================================================


      Code (inc. data)   RO Data    RW Data    ZI Data      Debug   

      1428        146        224        100       1060     244270   Grand Totals
      1428        146        224        100       1060     244270   ELF Image Totals
      1428        146        224        100          0          0   ROM Totals

==============================================================================

    Total RO  Size (Code + RO Data)                 1652 (   1.61kB)
    Total RW  Size (RW Data + ZI Data)              1160 (   1.13kB)
    Total ROM Size (Code + RO Data + RW Data)       1752 (   1.71kB)

==============================================================================

